
Welcome to React Native v0.82
Starting dev server on http://localhost:8081


                        ▒▒▓▓▓▓▒▒
                     ▒▓▓▓▒▒░░▒▒▓▓▓▒
                  ▒▓▓▓▓░░░▒▒▒▒░░░▓▓▓▓▒
                 ▓▓▒▒▒▓▓▓▓▓▓▓▓▓▓▓▓▒▒▒▓▓
                 ▓▓░░░░░▒▓▓▓▓▓▓▒░░░░░▓▓
                 ▓▓░░▓▓▒░░░▒▒░░░▒▓▒░░▓▓
                 ▓▓░░▓▓▓▓▓▒▒▒▒▓▓▓▓▒░░▓▓
                 ▓▓░░▓▓▓▓▓▓▓▓▓▓▓▓▓▒░░▓▓
                 ▓▓▒░░▒▒▓▓▓▓▓▓▓▓▒░░░▒▓▓
                  ▒▓▓▓▒░░░▒▓▓▒░░░▒▓▓▓▒
                     ▒▓▓▓▒░░░░▒▓▓▓▒
                        ▒▒▓▓▓▓▒▒


 WARN  the transform cache was reset.
                Welcome to Metro v0.83.7
              Fast - Scalable - Integrated


 INFO  Dev server ready. Press Ctrl+C to exit.
 INFO  Interactive mode is not supported in this environment
 BUNDLE  ./index.js ░░░░░░░░░░░░░░░░ 0% (0/1)
 BUNDLE  ./index.js ░░░░░░░░░░░░░░░░ 1% (1/1)
 BUNDLE  ./index.js ▓░░░░░░░░░░░░░░░ 9% (19/217)
 BUNDLE  ./index.js ▓░░░░░░░░░░░░░░░ 9% (71/366)
 BUNDLE  ./index.js ▓░░░░░░░░░░░░░░░ 9% (98/467)
 BUNDLE  ./index.js ▓░░░░░░░░░░░░░░░ 10% (182/572)
 BUNDLE  ./index.js ▓▓▓░░░░░░░░░░░░░ 19% (293/663)
 BUNDLE  ./index.js ▓▓▓░░░░░░░░░░░░░ 20% (339/750)
 BUNDLE  ./index.js ▓▓▓░░░░░░░░░░░░░ 20% (340/750)
transform[stderr]: [BABEL] Note: The code generator has deoptimised the styling of C:\xampp\htdocs\reward-planner-mobileapp\src\assets\order\order_banner.svg as it exceeds the max of 500KB.
 BUNDLE  ./index.js ▓▓▓▓░░░░░░░░░░░░ 25% (390/795)
transform[stderr]: [BABEL] Note: The code generator has deoptimised the styling of C:\xampp\htdocs\reward-planner-mobileapp\src\assets\product\product(1).svg as it exceeds the max of 500KB.
 BUNDLE  ./index.js ▓▓▓▓░░░░░░░░░░░░ 25% (453/922)
 BUNDLE  ./index.js ▓▓▓▓░░░░░░░░░░░░ 30% (580/1047)
 BUNDLE  ./index.js ▓▓▓▓▓░░░░░░░░░░░ 36% (686/1146)
 BUNDLE  ./index.js ▓▓▓▓▓▓░░░░░░░░░░ 39% (761/1214)
 BUNDLE  ./index.js ▓▓▓▓▓▓▓░░░░░░░░░ 45% (854/1272)
transform[stderr]: [BABEL] Note: The code generator has deoptimised the styling of C:\xampp\htdocs\reward-planner-mobileapp\src\assets\order\serviceBanner.svg as it exceeds the max of 500KB.
 BUNDLE  ./index.js ▓▓▓▓▓▓▓▓░░░░░░░░ 54% (975/1326)
 BUNDLE  ./index.js ▓▓▓▓▓▓▓▓▓▓░░░░░░ 63% (1094/1371)
transform[stderr]: [BABEL] Note: The code generator has deoptimised the styling of C:\xampp\htdocs\reward-planner-mobileapp\src\modules\busbooking\assets\banners\exclusiveofferbooking.svg as it exceeds the max of 500KB.
transform[stderr]: [BABEL] Note: The code generator has deoptimised the styling of C:\xampp\htdocs\reward-planner-mobileapp\src\modules\busbooking\assets\banners\busframe2.svg as it exceeds the max of 500KB.
transform[stderr]: [BABEL] Note: The code generator has deoptimised the styling of C:\xampp\htdocs\reward-planner-mobileapp\src\modules\busbooking\assets\banners\busframe1.svg as it exceeds the max of 500KB.
 BUNDLE  ./index.js ▓▓▓▓▓▓▓▓▓▓▓▓░░░░ 78% (1252/1422)
 BUNDLE  ./index.js ▓▓▓▓▓▓▓▓▓▓▓▓░░░░ 78% (1344/1583)
 BUNDLE  ./index.js ▓▓▓▓▓▓▓▓▓▓▓▓░░░░ 78% (1345/1585)
 BUNDLE  ./index.js ▓▓▓▓▓▓▓▓▓▓▓▓░░░░ 80% (1473/1638)
 BUNDLE  ./index.js ▓▓▓▓▓▓▓▓▓▓▓▓▓░░░ 87% (1598/1713)
 BUNDLE  ./index.js ▓▓▓▓▓▓▓▓▓▓▓▓▓░░░ 87% (1629/2011)
 BUNDLE  ./index.js ▓▓▓▓▓▓▓▓▓▓▓▓▓░░░ 87% (1752/2110)
 BUNDLE  ./index.js ▓▓▓▓▓▓▓▓▓▓▓▓▓░░░ 87% (1968/2164)
 BUNDLE  ./index.js ▓▓▓▓▓▓▓▓▓▓▓▓▓▓░░ 89% (2084/2223)
 BUNDLE  ./index.js ▓▓▓▓▓▓▓▓▓▓▓▓▓▓░░ 93% (2192/2265)
 BUNDLE  ./index.js ▓▓▓▓▓▓▓▓▓▓▓▓▓▓▓░ 94% (2307/2377)
 BUNDLE  ./index.js ▓▓▓▓▓▓▓▓▓▓▓▓▓▓▓░ 95% (2339/2397)
 BUNDLE  ./index.js ▓▓▓▓▓▓▓▓▓▓▓▓▓▓▓░ 96% (2377/2426)
 BUNDLE  ./index.js ▓▓▓▓▓▓▓▓▓▓▓▓▓▓▓░ 99% (2449/2450)
 BUNDLE  ./index.js ▓▓▓▓▓▓▓▓▓▓▓▓▓▓▓░ 99% (2450/2450)
 BUNDLE  ./index.js 
 INFO  Connection established to app='com.rewardsplanners' on device='RMX3710 - 15 - API 35'.
 INFO  [1m[7m💡 JavaScript logs have moved![22m They can now be viewed in React Native DevTools. Tip: Type [1mj[22m in the terminal to open (requires Google Chrome or Microsoft Edge).[27m
 INFO  Connection closed to device='RMX3710 - 15 - API 35' for app='com.rewardsplanners' with code='1006' and reason=''.
 BUNDLE  ./index.js ░░░░░░░░░░░░░░░░ 0% (0/1)
 BUNDLE  ./index.js 
 INFO  Connection established to app='com.rewardsplanners' on device='RMX3710 - 15 - API 35'.
 INFO  Connection closed to device='RMX3710 - 15 - API 35' for app='com.rewardsplanners' with code='1006' and reason=''.
 BUNDLE  ./index.js ░░░░░░░░░░░░░░░░ 0% (0/1)
 BUNDLE  ./index.js 
 INFO  Connection established to app='com.rewardsplanners' on device='RMX3710 - 15 - API 35'.
