Firebase Admin initialized successfully.
✅ Maintenance cron started

=================================
Reward Planners Backend Started!
🔗 Server URL: http://localhost:5000
Swagger docs at http://localhost:5000/api-docs
Flea Market API ready at http://localhost:5000
CORS allowed origins (parsed): [ 'https://rewardplanners.com' ]
=================================

✅ WhatsApp worker started (START_WA_WORKER=true)
✅ Database connected successfully to rewardplanners_db
[Cron] Checking due todo reminders...
[BBPS][refund] retry cron running...
[Cron] Checking due todo reminders...

[REQUEST] 2026-09-29T11:23:16.640Z GET /
[0mGET / [32m200[0m 7.665 ms - 103[0m
[BBPS][refund] retry cron running...
[Cron] Checking due todo reminders...
🔁 BBPS retry cron running...
[ORDER_EXPIRY] Running...
[Cron] Checking due todo reminders...
[Cron] Checking due todo reminders...
[BBPS][refund] retry cron running...
[Cron] Checking due todo reminders...
[Cron] Checking due todo reminders...
[BBPS][refund] retry cron running...
[Cron] Checking due todo reminders...
💰 [retryFailedRefunds] Running...
💰 [retryMpsFailedRefunds] Running...
🛒 [Cron] Checking for e-commerce cart abandonment, low stock, and price drops...
[BBPS][refund] retry cron running...
🔁 Booking retry cron running...
🔁 BBPS retry cron running...
[ORDER_EXPIRY] Running...
[Cron] Checking due todo reminders...
🚚 Tracking cron running...
[Cron] Checking due todo reminders...
[BBPS][refund] retry cron running...
[Cron] Checking due todo reminders...
[Cron] Checking due todo reminders...
[Cron] Checking due todo reminders...
[BBPS][refund] retry cron running...
[ORDER_EXPIRY] Running...
[Cron] Checking due todo reminders...
🔁 BBPS retry cron running...
[BBPS][refund] retry cron running...
[Cron] Checking due todo reminders...
[Cron] Checking due todo reminders...
[BBPS][refund] retry cron running...
[Cron] Checking due todo reminders...
[Cron] Checking due todo reminders...
[Cron] Checking due todo reminders...
🔁 Booking retry cron running...
💰 [retryFailedRefunds] Running...
💰 [retryMpsFailedRefunds] Running...
🔁 BBPS retry cron running...
[ORDER_EXPIRY] Running...
[BBPS][refund] retry cron running...
[Cron] Checking due todo reminders...
[Cron] Checking due todo reminders...
[BBPS][refund] retry cron running...
[Cron] Checking due todo reminders...
[BBPS][refund] retry cron running...
[Cron] Checking due todo reminders...
[Cron] Checking due todo reminders...
🔁 BBPS retry cron running...
[ORDER_EXPIRY] Running...
[BBPS][refund] retry cron running...
[Cron] Checking due todo reminders...
[Cron] Checking due todo reminders...
[Cron] Checking due todo reminders...
[BBPS][refund] retry cron running...
[Cron] Checking due todo reminders...
[BBPS][refund] retry cron running...
[Cron] Checking due todo reminders...
[ORDER_EXPIRY] Running...
🔁 Booking retry cron running...
💰 [retryFailedRefunds] Running...
💰 [retryMpsFailedRefunds] Running...
🔁 BBPS retry cron running...
[Cron] Checking due todo reminders...
[BBPS][refund] retry cron running...
[Cron] Checking due todo reminders...
[Cron] Checking due todo reminders...
[Cron] Checking due todo reminders...
[BBPS][refund] retry cron running...
[ORDER_EXPIRY] Running...
🔁 BBPS retry cron running...
[Cron] Checking due todo reminders...
[BBPS][refund] retry cron running...
[Cron] Checking due todo reminders...
[Cron] Checking due todo reminders...
[Cron] Checking due todo reminders...
[BBPS][refund] retry cron running...
[Cron] Checking due todo reminders...
💰 [retryFailedRefunds] Running...
💰 [retryMpsFailedRefunds] Running...
[ORDER_EXPIRY] Running...
🔁 BBPS retry cron running...
🔁 Booking retry cron running...
[BBPS][refund] retry cron running...
[Cron] Checking due todo reminders...
🛒 [Cron] Checking for e-commerce cart abandonment, low stock, and price drops...
🚚 Tracking cron running...
[Cron] Checking due todo reminders...
[BBPS][refund] retry cron running...
[Cron] Checking due todo reminders...
[Cron] Checking due todo reminders...
[Cron] Checking due todo reminders...
[BBPS][refund] retry cron running...
🔁 BBPS retry cron running...
[Cron] Checking due todo reminders...
[ORDER_EXPIRY] Running...
[Cron] Checking due todo reminders...
[BBPS][refund] retry cron running...
[Cron] Checking due todo reminders...
[BBPS][refund] retry cron running...
[Cron] Checking due todo reminders...
[Cron] Checking due todo reminders...
[ORDER_EXPIRY] Running...
[BBPS][refund] retry cron running...
[Cron] Checking due todo reminders...
💰 [retryFailedRefunds] Running...
💰 [retryMpsFailedRefunds] Running...
🔁 Booking retry cron running...
🔁 BBPS retry cron running...
[Cron] Checking due todo reminders...
[Cron] Checking due todo reminders...
[BBPS][refund] retry cron running...
[Cron] Checking due todo reminders...
[BBPS][refund] retry cron running...
[Cron] Checking due todo reminders...
🔁 BBPS retry cron running...
[Cron] Checking due todo reminders...
[ORDER_EXPIRY] Running...
[STATUS_CLEANUP] Finished: 0 deleted, 0 failed.
[BBPS][refund] retry cron running...
[Cron] Checking due todo reminders...
[Cron] Checking due todo reminders...
[BBPS][refund] retry cron running...
[Cron] Checking due todo reminders...
[Cron] Checking due todo reminders...
💰 [retryFailedRefunds] Running...
💰 [retryMpsFailedRefunds] Running...
🔁 BBPS retry cron running...
[ORDER_EXPIRY] Running...
[BBPS][refund] retry cron running...
[Cron] Checking due todo reminders...
🔁 Booking retry cron running...
[Cron] Checking due todo reminders...
[BBPS][refund] retry cron running...
[Cron] Checking due todo reminders...
[Cron] Checking due todo reminders...
[BBPS][refund] retry cron running...
[Cron] Checking due todo reminders...
🔁 BBPS retry cron running...
[ORDER_EXPIRY] Running...
[Cron] Checking due todo reminders...
[BBPS][refund] retry cron running...
[Cron] Checking due todo reminders...
[Cron] Checking due todo reminders...
[BBPS][refund] retry cron running...
[Cron] Checking due todo reminders...
[Cron] Checking due todo reminders...
🏁 [Cron] Checking daily step count almost completed hooks (6:00 PM)...
[BBPS][refund] retry cron running...
🛒 [Cron] Checking for e-commerce cart abandonment, low stock, and price drops...
🚚 Tracking cron running...
💰 [retryFailedRefunds] Running...
💰 [retryMpsFailedRefunds] Running...
🔁 Booking retry cron running...
🔁 BBPS retry cron running...
[ORDER_EXPIRY] Running...
[Cron] Checking due todo reminders...
[Cron] Checking due todo reminders...
[BBPS][refund] retry cron running...
[Cron] Checking due todo reminders...
[Cron] Checking due todo reminders...
[BBPS][refund] retry cron running...
[Cron] Checking due todo reminders...
[ORDER_EXPIRY] Running...
[Cron] Checking due todo reminders...
🔁 BBPS retry cron running...
[BBPS][refund] retry cron running...
[Cron] Checking due todo reminders...
[Cron] Checking due todo reminders...
[Cron] Checking due todo reminders...
[BBPS][refund] retry cron running...
[Cron] Checking due todo reminders...
💰 [retryFailedRefunds] Running...
💰 [retryMpsFailedRefunds] Running...
🔁 Booking retry cron running...
[ORDER_EXPIRY] Running...
🔁 BBPS retry cron running...
[BBPS][refund] retry cron running...
[Cron] Checking due todo reminders...
[Cron] Checking due todo reminders...
[Cron] Checking due todo reminders...
[BBPS][refund] retry cron running...
[Cron] Checking due todo reminders...
[BBPS][refund] retry cron running...
[Cron] Checking due todo reminders...
🔁 Restarting WA Worker...
[BBPS][refund] retry cron running...
[Cron] Checking due todo reminders...
[Cron] Checking due todo reminders...
[Cron] Checking due todo reminders...
[BBPS][refund] retry cron running...
[Cron] Checking due todo reminders...
[BBPS][refund] retry cron running...
[Cron] Checking due todo reminders...
💰 [retryFailedRefunds] Running...
💰 [retryMpsFailedRefunds] Running...
[ORDER_EXPIRY] Running...
🔁 Booking retry cron running...
🔁 BBPS retry cron running...
[Cron] Checking due todo reminders...

[REQUEST] 2026-09-30T04:41:01.160Z GET /
[0mGET / [32m200[0m 5.101 ms - 103[0m
[Cron] Checking due todo reminders...
[BBPS][refund] retry cron running...
[Cron] Checking due todo reminders...
[BBPS][refund] retry cron running...
[Cron] Checking due todo reminders...
[ORDER_EXPIRY] Running...
🔁 BBPS retry cron running...
[Cron] Checking due todo reminders...
[Cron] Checking due todo reminders...
[BBPS][refund] retry cron running...
[Cron] Checking due todo reminders...
[BBPS][refund] retry cron running...
[Cron] Checking due todo reminders...
[Cron] Checking due todo reminders...
🔁 BBPS retry cron running...
💰 [retryFailedRefunds] Running...
💰 [retryMpsFailedRefunds] Running...
🔁 Booking retry cron running...
[ORDER_EXPIRY] Running...
[BBPS][refund] retry cron running...
[Cron] Checking due todo reminders...
[Cron] Checking due todo reminders...
[Cron] Checking due todo reminders...
[BBPS][refund] retry cron running...
[Cron] Checking due todo reminders...
[BBPS][refund] retry cron running...
[Cron] Checking due todo reminders...
🔁 BBPS retry cron running...
[ORDER_EXPIRY] Running...
[Cron] Checking due todo reminders...
[Cron] Checking due todo reminders...
[BBPS][refund] retry cron running...
[Cron] Checking due todo reminders...
[BBPS][refund] retry cron running...
[Cron] Checking due todo reminders...
[Cron] Checking due todo reminders...
🔁 BBPS retry cron running...
[ORDER_EXPIRY] Running...
[Cron] Checking due todo reminders...
💰 [retryFailedRefunds] Running...
💰 [retryMpsFailedRefunds] Running...
🔁 Booking retry cron running...
[BBPS][refund] retry cron running...
🛒 [Cron] Checking for e-commerce cart abandonment, low stock, and price drops...
🚚 Tracking cron running...
[Cron] Checking due todo reminders...
[Cron] Checking due todo reminders...
[BBPS][refund] retry cron running...
[Cron] Checking due todo reminders...
[BBPS][refund] retry cron running...
[Cron] Checking due todo reminders...
[Cron] Checking due todo reminders...
🔁 BBPS retry cron running...
[ORDER_EXPIRY] Running...
[BBPS][refund] retry cron running...
[Cron] Checking due todo reminders...
[Cron] Checking due todo reminders...
[BBPS][refund] retry cron running...
[Cron] Checking due todo reminders...
[Cron] Checking due todo reminders...
[ORDER_EXPIRY] Running...
💰 [retryFailedRefunds] Running...
💰 [retryMpsFailedRefunds] Running...
🔁 Booking retry cron running...
[BBPS][refund] retry cron running...
[Cron] Checking due todo reminders...
🔁 BBPS retry cron running...
[Cron] Checking due todo reminders...
[Cron] Checking due todo reminders...
[BBPS][refund] retry cron running...
[Cron] Checking due todo reminders...
[BBPS][refund] retry cron running...
[Cron] Checking due todo reminders...
[Cron] Checking due todo reminders...
[ORDER_EXPIRY] Running...
🔁 BBPS retry cron running...
[STATUS_CLEANUP] Finished: 0 deleted, 0 failed.
[Cron] Checking due todo reminders...
[BBPS][refund] retry cron running...
[Cron] Checking due todo reminders...
