> Task :gradle-plugin:settings-plugin:checkKotlinGradlePluginConfigurationErrors SKIPPED
> Task :gradle-plugin:shared:checkKotlinGradlePluginConfigurationErrors SKIPPED
> Task :gradle-plugin:shared:compileKotlin UP-TO-DATE
> Task :gradle-plugin:shared:compileJava NO-SOURCE
> Task :gradle-plugin:shared:processResources NO-SOURCE
> Task :gradle-plugin:shared:classes UP-TO-DATE
> Task :gradle-plugin:shared:jar
> Task :gradle-plugin:settings-plugin:compileKotlin UP-TO-DATE
> Task :gradle-plugin:settings-plugin:compileJava NO-SOURCE
> Task :gradle-plugin:settings-plugin:pluginDescriptors UP-TO-DATE
> Task :gradle-plugin:settings-plugin:processResources
> Task :gradle-plugin:settings-plugin:classes
> Task :gradle-plugin:settings-plugin:jar
> Task :gradle-plugin:react-native-gradle-plugin:checkKotlinGradlePluginConfigurationErrors SKIPPED
> Task :gradle-plugin:react-native-gradle-plugin:compileKotlin UP-TO-DATE
> Task :gradle-plugin:react-native-gradle-plugin:compileJava NO-SOURCE
> Task :gradle-plugin:react-native-gradle-plugin:pluginDescriptors UP-TO-DATE
> Task :gradle-plugin:react-native-gradle-plugin:processResources
> Task :gradle-plugin:react-native-gradle-plugin:classes
> Task :gradle-plugin:react-native-gradle-plugin:jar
> Task :app:checkKotlinGradlePluginConfigurationErrors SKIPPED
> Task :app:generateAutolinkingNewArchitectureFiles
> Task :app:generateAutolinkingPackageList
> Task :app:generateCodegenSchemaFromJavaScript SKIPPED
> Task :app:generateCodegenArtifactsFromSchema SKIPPED
> Task :app:generateReactNativeEntryPoint
> Task :d11_react-native-fast-image:generateCodegenSchemaFromJavaScript
> Task :d11_react-native-fast-image:generateCodegenArtifactsFromSchema
> Task :d11_react-native-fast-image:preBuild
> Task :pushpendersingh_react-native-otp-verify:generateCodegenSchemaFromJavaScript
> Task :pushpendersingh_react-native-otp-verify:generateCodegenArtifactsFromSchema
> Task :pushpendersingh_react-native-otp-verify:preBuild
> Task :react-native-async-storage_async-storage:generateCodegenSchemaFromJavaScript
> Task :react-native-async-storage_async-storage:generateCodegenArtifactsFromSchema
> Task :react-native-async-storage_async-storage:preBuild
> Task :react-native-biometrics:preBuild UP-TO-DATE
> Task :react-native-community_geolocation:generateCodegenSchemaFromJavaScript
> Task :react-native-community_geolocation:generateCodegenArtifactsFromSchema
> Task :react-native-community_geolocation:preBuild
> Task :react-native-community_netinfo:generateCodegenSchemaFromJavaScript
> Task :react-native-community_netinfo:generateCodegenArtifactsFromSchema
> Task :react-native-community_netinfo:preBuild
> Task :react-native-device-info:preBuild UP-TO-DATE
> Task :react-native-gesture-handler:generateCodegenSchemaFromJavaScript
> Task :react-native-gesture-handler:generateCodegenArtifactsFromSchema
> Task :react-native-gesture-handler:preBuild
> Task :react-native-health-connect:generateCodegenSchemaFromJavaScript
> Task :react-native-health-connect:generateCodegenArtifactsFromSchema
> Task :react-native-health-connect:preBuild
> Task :react-native-html-to-pdf:generateCodegenSchemaFromJavaScript
> Task :react-native-html-to-pdf:generateCodegenArtifactsFromSchema
> Task :react-native-html-to-pdf:preBuild
> Task :react-native-image-picker:generateCodegenSchemaFromJavaScript
> Task :react-native-image-picker:generateCodegenArtifactsFromSchema
> Task :react-native-image-picker:preBuild

> Task :react-native-keychain:generateCodegenSchemaFromJavaScript
gradlew.bat : No modules to process in combine-js-to-schema-cli. If this is unexpected, please check if you set up 
your NativeComponent correctly. See combine-js-to-schema.js for how codegen finds modules.
At line:1 char:344
+ ... s\android"; & .\gradlew.bat app:installDebug -PreactNativeDevServerPo ...
+                 ~~~~~~~~~~~~~~~~~~~~~~~~~~~~~~~~~~~~~~~~~~~~~~~~~~~~~~~~~
    + CategoryInfo          : NotSpecified: (No modules to p... finds modules.:String) [], RemoteException
    + FullyQualifiedErrorId : NativeCommandError
 

> Task :react-native-keychain:generateCodegenArtifactsFromSchema
> Task :react-native-keychain:preBuild
> Task :react-native-linear-gradient:preBuild UP-TO-DATE
> Task :react-native-maps:preBuild UP-TO-DATE
> Task :react-native-masked-view_masked-view:preBuild UP-TO-DATE
> Task :react-native-permissions:generateCodegenSchemaFromJavaScript
> Task :react-native-permissions:generateCodegenArtifactsFromSchema
> Task :react-native-permissions:preBuild
> Task :react-native-razorpay:preBuild UP-TO-DATE
> Task :react-native-reanimated:assertMinimalReactNativeVersionTask
> Task :react-native-reanimated:assertNewArchitectureEnabledTask SKIPPED
> Task :react-native-reanimated:assertWorkletsVersionTask
> Task :react-native-reanimated:generateCodegenSchemaFromJavaScript
> Task :react-native-reanimated:generateCodegenArtifactsFromSchema
> Task :react-native-reanimated:prepareReanimatedHeadersForPrefabs
> Task :react-native-reanimated:preBuild
> Task :react-native-safe-area-context:generateCodegenSchemaFromJavaScript
> Task :react-native-safe-area-context:generateCodegenArtifactsFromSchema
> Task :react-native-safe-area-context:preBuild
> Task :react-native-screens:generateCodegenSchemaFromJavaScript
> Task :react-native-screens:generateCodegenArtifactsFromSchema
> Task :react-native-screens:preBuild
> Task :react-native-send-intent:preBuild UP-TO-DATE
> Task :react-native-share:generateCodegenSchemaFromJavaScript
> Task :react-native-share:generateCodegenArtifactsFromSchema
> Task :react-native-share:preBuild
> Task :react-native-svg:generateCodegenSchemaFromJavaScript
> Task :react-native-svg:generateCodegenArtifactsFromSchema
> Task :react-native-svg:preBuild
> Task :react-native-vector-icons:generateCodegenSchemaFromJavaScript
> Task :react-native-vector-icons:generateCodegenArtifactsFromSchema
> Task :react-native-vector-icons:preBuild
> Task :react-native-worklets:assertMinimalReactNativeVersionTask
> Task :react-native-worklets:assertNewArchitectureEnabledTask SKIPPED
> Task :react-native-worklets:generateCodegenSchemaFromJavaScript
> Task :react-native-worklets:generateCodegenArtifactsFromSchema
> Task :react-native-worklets:prepareWorkletsHeadersForPrefabs
> Task :react-native-worklets:preBuild
> Task :shayrn_react-native-android-phone-number-hint:generateCodegenSchemaFromJavaScript
> Task :shayrn_react-native-android-phone-number-hint:generateCodegenArtifactsFromSchema
> Task :shayrn_react-native-android-phone-number-hint:preBuild
> Task :app:preBuild
> Task :app:preDebugBuild
> Task :app:generateDebugBuildConfig
> Task :d11_react-native-fast-image:preDebugBuild
> Task :pushpendersingh_react-native-otp-verify:preDebugBuild
> Task :pushpendersingh_react-native-otp-verify:writeDebugAarMetadata
> Task :react-native-async-storage_async-storage:preDebugBuild
> Task :d11_react-native-fast-image:writeDebugAarMetadata
> Task :react-native-biometrics:preDebugBuild UP-TO-DATE
> Task :react-native-async-storage_async-storage:writeDebugAarMetadata
> Task :react-native-community_geolocation:preDebugBuild
> Task :react-native-biometrics:writeDebugAarMetadata
> Task :react-native-community_netinfo:preDebugBuild
> Task :react-native-community_geolocation:writeDebugAarMetadata
> Task :react-native-device-info:preDebugBuild UP-TO-DATE
> Task :react-native-device-info:writeDebugAarMetadata
> Task :react-native-gesture-handler:preDebugBuild
> Task :react-native-community_netinfo:writeDebugAarMetadata
> Task :react-native-health-connect:preDebugBuild
> Task :react-native-health-connect:writeDebugAarMetadata
> Task :react-native-html-to-pdf:preDebugBuild
> Task :react-native-gesture-handler:writeDebugAarMetadata
> Task :react-native-image-picker:preDebugBuild
> Task :react-native-html-to-pdf:writeDebugAarMetadata
> Task :react-native-keychain:preDebugBuild
> Task :react-native-image-picker:writeDebugAarMetadata
> Task :react-native-linear-gradient:preDebugBuild UP-TO-DATE
> Task :react-native-keychain:writeDebugAarMetadata
> Task :react-native-maps:preDebugBuild UP-TO-DATE
> Task :react-native-linear-gradient:writeDebugAarMetadata
> Task :react-native-masked-view_masked-view:preDebugBuild UP-TO-DATE
> Task :react-native-maps:writeDebugAarMetadata
> Task :react-native-permissions:preDebugBuild
> Task :react-native-masked-view_masked-view:writeDebugAarMetadata
> Task :react-native-razorpay:preDebugBuild UP-TO-DATE
> Task :react-native-permissions:writeDebugAarMetadata
> Task :react-native-reanimated:preDebugBuild
> Task :react-native-razorpay:writeDebugAarMetadata
> Task :react-native-safe-area-context:preDebugBuild
> Task :react-native-reanimated:writeDebugAarMetadata
> Task :react-native-screens:preDebugBuild
> Task :react-native-safe-area-context:writeDebugAarMetadata
> Task :react-native-send-intent:preDebugBuild UP-TO-DATE
> Task :react-native-screens:writeDebugAarMetadata
> Task :react-native-share:preDebugBuild
> Task :react-native-send-intent:writeDebugAarMetadata
> Task :react-native-svg:preDebugBuild
> Task :react-native-share:writeDebugAarMetadata
> Task :react-native-vector-icons:preDebugBuild
> Task :react-native-svg:writeDebugAarMetadata
> Task :react-native-worklets:preDebugBuild
> Task :react-native-vector-icons:writeDebugAarMetadata
> Task :shayrn_react-native-android-phone-number-hint:preDebugBuild
> Task :react-native-worklets:writeDebugAarMetadata
> Task :shayrn_react-native-android-phone-number-hint:writeDebugAarMetadata
> Task :app:generateDebugResValues
> Task :app:processDebugGoogleServices
> Task :d11_react-native-fast-image:generateDebugResValues
> Task :d11_react-native-fast-image:generateDebugResources
> Task :d11_react-native-fast-image:packageDebugResources
> Task :pushpendersingh_react-native-otp-verify:generateDebugResValues
> Task :pushpendersingh_react-native-otp-verify:generateDebugResources
> Task :pushpendersingh_react-native-otp-verify:packageDebugResources
> Task :react-native-async-storage_async-storage:generateDebugResValues
> Task :react-native-async-storage_async-storage:generateDebugResources
> Task :app:checkDebugAarMetadata
> Task :react-native-async-storage_async-storage:packageDebugResources
> Task :react-native-biometrics:generateDebugResValues
> Task :react-native-biometrics:generateDebugResources
> Task :react-native-biometrics:packageDebugResources
> Task :react-native-community_geolocation:generateDebugResValues
> Task :react-native-community_geolocation:generateDebugResources
> Task :react-native-community_geolocation:packageDebugResources
> Task :react-native-community_netinfo:generateDebugResValues
> Task :react-native-community_netinfo:generateDebugResources
> Task :react-native-community_netinfo:packageDebugResources
> Task :react-native-device-info:generateDebugResValues
> Task :react-native-device-info:generateDebugResources
> Task :react-native-device-info:packageDebugResources
> Task :react-native-gesture-handler:generateDebugResValues
> Task :react-native-gesture-handler:generateDebugResources
> Task :react-native-gesture-handler:packageDebugResources
> Task :react-native-health-connect:generateDebugResValues
> Task :react-native-health-connect:generateDebugResources
> Task :react-native-health-connect:packageDebugResources
> Task :react-native-html-to-pdf:generateDebugResValues
> Task :react-native-html-to-pdf:generateDebugResources
> Task :react-native-html-to-pdf:packageDebugResources
> Task :react-native-image-picker:generateDebugResValues
> Task :react-native-image-picker:generateDebugResources
> Task :react-native-image-picker:packageDebugResources
> Task :react-native-keychain:generateDebugResValues
> Task :react-native-keychain:generateDebugResources
> Task :react-native-keychain:packageDebugResources
> Task :react-native-linear-gradient:generateDebugResValues
> Task :react-native-linear-gradient:generateDebugResources
> Task :react-native-linear-gradient:packageDebugResources
> Task :react-native-maps:generateDebugResValues
> Task :react-native-maps:generateDebugResources
> Task :react-native-maps:packageDebugResources
> Task :react-native-masked-view_masked-view:generateDebugResValues
> Task :react-native-masked-view_masked-view:generateDebugResources
> Task :react-native-masked-view_masked-view:packageDebugResources
> Task :react-native-permissions:generateDebugResValues
> Task :react-native-permissions:generateDebugResources
> Task :react-native-permissions:packageDebugResources
> Task :react-native-razorpay:generateDebugResValues
> Task :react-native-razorpay:generateDebugResources
> Task :react-native-razorpay:packageDebugResources
> Task :react-native-reanimated:generateDebugResValues
> Task :react-native-reanimated:generateDebugResources
> Task :react-native-reanimated:packageDebugResources
> Task :react-native-safe-area-context:generateDebugResValues
> Task :react-native-safe-area-context:generateDebugResources
> Task :react-native-safe-area-context:packageDebugResources
> Task :react-native-screens:generateDebugResValues
> Task :react-native-screens:generateDebugResources
> Task :react-native-screens:packageDebugResources
> Task :react-native-send-intent:generateDebugResValues
> Task :react-native-send-intent:generateDebugResources
> Task :react-native-send-intent:packageDebugResources
> Task :react-native-share:generateDebugResValues
> Task :react-native-share:generateDebugResources
> Task :react-native-share:packageDebugResources
> Task :react-native-svg:generateDebugResValues
> Task :react-native-svg:generateDebugResources
> Task :react-native-svg:packageDebugResources
> Task :react-native-vector-icons:generateDebugResValues
> Task :react-native-vector-icons:generateDebugResources
> Task :react-native-vector-icons:packageDebugResources
> Task :react-native-worklets:generateDebugResValues
> Task :react-native-worklets:generateDebugResources
> Task :react-native-worklets:packageDebugResources
> Task :shayrn_react-native-android-phone-number-hint:generateDebugResValues
> Task :shayrn_react-native-android-phone-number-hint:generateDebugResources
> Task :shayrn_react-native-android-phone-number-hint:packageDebugResources
> Task :app:mapDebugSourceSetPaths
> Task :app:generateDebugResources
> Task :app:packageDebugResources
> Task :app:parseDebugLocalResources
> Task :app:createDebugCompatibleScreenManifests
> Task :app:extractDeepLinksDebug
> Task :d11_react-native-fast-image:extractDeepLinksDebug

> Task :d11_react-native-fast-image:processDebugManifest
package="com.dylanvann.fastimage" found in source AndroidManifest.xml: C:\Projects\RewardsPlanners\node_modules\@d11\react-native-fast-image\android\src\main\AndroidManifest.xml.
Setting the namespace via the package attribute in the source AndroidManifest.xml is no longer supported, and the value is ignored.
Recommendation: remove package="com.dylanvann.fastimage" from the source AndroidManifest.xml: C:\Projects\RewardsPlanners\node_modules\@d11\react-native-fast-image\android\src\main\AndroidManifest.xml.

> Task :pushpendersingh_react-native-otp-verify:extractDeepLinksDebug
> Task :pushpendersingh_react-native-otp-verify:processDebugManifest
> Task :react-native-async-storage_async-storage:extractDeepLinksDebug

> Task :react-native-async-storage_async-storage:processDebugManifest
package="com.reactnativecommunity.asyncstorage" found in source AndroidManifest.xml: C:\Projects\RewardsPlanners\node_modules\@react-native-async-storage\async-storage\android\src\main\AndroidManifest.xml.
Setting the namespace via the package attribute in the source AndroidManifest.xml is no longer supported, and the value is ignored.
Recommendation: remove package="com.reactnativecommunity.asyncstorage" from the source AndroidManifest.xml: C:\Projects\RewardsPlanners\node_modules\@react-native-async-storage\async-storage\android\src\main\AndroidManifest.xml.

> Task :react-native-biometrics:extractDeepLinksDebug

> Task :react-native-biometrics:processDebugManifest
package="com.rnbiometrics" found in source AndroidManifest.xml: C:\Projects\RewardsPlanners\node_modules\react-native-biometrics\android\src\main\AndroidManifest.xml.
Setting the namespace via the package attribute in the source AndroidManifest.xml is no longer supported, and the value is ignored.
Recommendation: remove package="com.rnbiometrics" from the source AndroidManifest.xml: C:\Projects\RewardsPlanners\node_modules\react-native-biometrics\android\src\main\AndroidManifest.xml.

> Task :react-native-community_geolocation:extractDeepLinksDebug

> Task :react-native-community_geolocation:processDebugManifest
package="com.reactnativecommunity.geolocation" found in source AndroidManifest.xml: C:\Projects\RewardsPlanners\node_modules\@react-native-community\geolocation\android\src\main\AndroidManifest.xml.
Setting the namespace via the package attribute in the source AndroidManifest.xml is no longer supported, and the value is ignored.
Recommendation: remove package="com.reactnativecommunity.geolocation" from the source AndroidManifest.xml: C:\Projects\RewardsPlanners\node_modules\@react-native-community\geolocation\android\src\main\AndroidManifest.xml.

> Task :react-native-community_netinfo:extractDeepLinksDebug
> Task :app:mergeDebugResources

> Task :react-native-community_netinfo:processDebugManifest
package="com.reactnativecommunity.netinfo" found in source AndroidManifest.xml: C:\Projects\RewardsPlanners\node_modules\@react-native-community\netinfo\android\src\main\AndroidManifest.xml.
Setting the namespace via the package attribute in the source AndroidManifest.xml is no longer supported, and the value is ignored.
Recommendation: remove package="com.reactnativecommunity.netinfo" from the source AndroidManifest.xml: C:\Projects\RewardsPlanners\node_modules\@react-native-community\netinfo\android\src\main\AndroidManifest.xml.

> Task :react-native-device-info:extractDeepLinksDebug

> Task :react-native-device-info:processDebugManifest
package="com.learnium.RNDeviceInfo" found in source AndroidManifest.xml: C:\Projects\RewardsPlanners\node_modules\react-native-device-info\android\src\main\AndroidManifest.xml.
Setting the namespace via the package attribute in the source AndroidManifest.xml is no longer supported, and the value is ignored.
Recommendation: remove package="com.learnium.RNDeviceInfo" from the source AndroidManifest.xml: C:\Projects\RewardsPlanners\node_modules\react-native-device-info\android\src\main\AndroidManifest.xml.

> Task :react-native-gesture-handler:extractDeepLinksDebug
> Task :react-native-health-connect:extractDeepLinksDebug
> Task :react-native-gesture-handler:processDebugManifest
> Task :react-native-html-to-pdf:extractDeepLinksDebug

> Task :react-native-health-connect:processDebugManifest
package="dev.matinzd.healthconnect" found in source AndroidManifest.xml: C:\Projects\RewardsPlanners\node_modules\react-native-health-connect\android\src\main\AndroidManifest.xml.
Setting the namespace via the package attribute in the source AndroidManifest.xml is no longer supported, and the value is ignored.
Recommendation: remove package="dev.matinzd.healthconnect" from the source AndroidManifest.xml: C:\Projects\RewardsPlanners\node_modules\react-native-health-connect\android\src\main\AndroidManifest.xml.

> Task :react-native-image-picker:extractDeepLinksDebug
> Task :react-native-html-to-pdf:processDebugManifest
> Task :react-native-keychain:extractDeepLinksDebug

> Task :react-native-keychain:processDebugManifest
package="com.oblador.keychain" found in source AndroidManifest.xml: C:\Projects\RewardsPlanners\node_modules\react-native-keychain\android\src\main\AndroidManifest.xml.
Setting the namespace via the package attribute in the source AndroidManifest.xml is no longer supported, and the value is ignored.
Recommendation: remove package="com.oblador.keychain" from the source AndroidManifest.xml: C:\Projects\RewardsPlanners\node_modules\react-native-keychain\android\src\main\AndroidManifest.xml.

> Task :react-native-linear-gradient:extractDeepLinksDebug

> Task :react-native-image-picker:processDebugManifest
package="com.imagepicker" found in source AndroidManifest.xml: C:\Projects\RewardsPlanners\node_modules\react-native-image-picker\android\src\main\AndroidManifest.xml.
Setting the namespace via the package attribute in the source AndroidManifest.xml is no longer supported, and the value is ignored.
Recommendation: remove package="com.imagepicker" from the source AndroidManifest.xml: C:\Projects\RewardsPlanners\node_modules\react-native-image-picker\android\src\main\AndroidManifest.xml.

> Task :react-native-maps:extractDeepLinksDebug

> Task :react-native-linear-gradient:processDebugManifest
package="com.BV.LinearGradient" found in source AndroidManifest.xml: C:\Projects\RewardsPlanners\node_modules\react-native-linear-gradient\android\src\main\AndroidManifest.xml.
Setting the namespace via the package attribute in the source AndroidManifest.xml is no longer supported, and the value is ignored.
Recommendation: remove package="com.BV.LinearGradient" from the source AndroidManifest.xml: C:\Projects\RewardsPlanners\node_modules\react-native-linear-gradient\android\src\main\AndroidManifest.xml.

> Task :react-native-masked-view_masked-view:extractDeepLinksDebug

> Task :react-native-maps:processDebugManifest
package="com.rnmaps.maps" found in source AndroidManifest.xml: C:\Projects\RewardsPlanners\node_modules\react-native-maps\android\src\main\AndroidManifest.xml.
Setting the namespace via the package attribute in the source AndroidManifest.xml is no longer supported, and the value is ignored.
Recommendation: remove package="com.rnmaps.maps" from the source AndroidManifest.xml: C:\Projects\RewardsPlanners\node_modules\react-native-maps\android\src\main\AndroidManifest.xml.

> Task :react-native-permissions:extractDeepLinksDebug
> Task :react-native-masked-view_masked-view:processDebugManifest
> Task :react-native-razorpay:extractDeepLinksDebug
> Task :react-native-permissions:processDebugManifest
> Task :react-native-reanimated:extractDeepLinksDebug

> Task :react-native-razorpay:processDebugManifest
package="com.razorpay.rn" found in source AndroidManifest.xml: C:\Projects\RewardsPlanners\node_modules\react-native-razorpay\android\src\main\AndroidManifest.xml.
Setting the namespace via the package attribute in the source AndroidManifest.xml is no longer supported, and the value is ignored.
Recommendation: remove package="com.razorpay.rn" from the source AndroidManifest.xml: C:\Projects\RewardsPlanners\node_modules\react-native-razorpay\android\src\main\AndroidManifest.xml.

> Task :react-native-safe-area-context:extractDeepLinksDebug
> Task :react-native-reanimated:processDebugManifest
> Task :react-native-screens:extractDeepLinksDebug

> Task :react-native-safe-area-context:processDebugManifest
package="com.th3rdwave.safeareacontext" found in source AndroidManifest.xml: C:\Projects\RewardsPlanners\node_modules\react-native-safe-area-context\android\src\main\AndroidManifest.xml.
Setting the namespace via the package attribute in the source AndroidManifest.xml is no longer supported, and the value is ignored.
Recommendation: remove package="com.th3rdwave.safeareacontext" from the source AndroidManifest.xml: C:\Projects\RewardsPlanners\node_modules\react-native-safe-area-context\android\src\main\AndroidManifest.xml.

> Task :react-native-send-intent:extractDeepLinksDebug
> Task :react-native-screens:processDebugManifest
> Task :react-native-share:extractDeepLinksDebug

> Task :react-native-send-intent:processDebugManifest
package="com.burnweb.rnsendintent" found in source AndroidManifest.xml: C:\Projects\RewardsPlanners\node_modules\react-native-send-intent\android\src\main\AndroidManifest.xml.
Setting the namespace via the package attribute in the source AndroidManifest.xml is no longer supported, and the value is ignored.
Recommendation: remove package="com.burnweb.rnsendintent" from the source AndroidManifest.xml: C:\Projects\RewardsPlanners\node_modules\react-native-send-intent\android\src\main\AndroidManifest.xml.

> Task :react-native-svg:extractDeepLinksDebug
> Task :react-native-svg:processDebugManifest

> Task :react-native-share:processDebugManifest
package="cl.json" found in source AndroidManifest.xml: C:\Projects\RewardsPlanners\node_modules\react-native-share\android\src\main\AndroidManifest.xml.
Setting the namespace via the package attribute in the source AndroidManifest.xml is no longer supported, and the value is ignored.
Recommendation: remove package="cl.json" from the source AndroidManifest.xml: C:\Projects\RewardsPlanners\node_modules\react-native-share\android\src\main\AndroidManifest.xml.

> Task :react-native-vector-icons:extractDeepLinksDebug
> Task :react-native-worklets:extractDeepLinksDebug

> Task :react-native-vector-icons:processDebugManifest
package="com.oblador.vectoricons" found in source AndroidManifest.xml: C:\Projects\RewardsPlanners\node_modules\react-native-vector-icons\android\src\main\AndroidManifest.xml.
Setting the namespace via the package attribute in the source AndroidManifest.xml is no longer supported, and the value is ignored.
Recommendation: remove package="com.oblador.vectoricons" from the source AndroidManifest.xml: C:\Projects\RewardsPlanners\node_modules\react-native-vector-icons\android\src\main\AndroidManifest.xml.

> Task :shayrn_react-native-android-phone-number-hint:extractDeepLinksDebug
> Task :react-native-worklets:processDebugManifest
> Task :d11_react-native-fast-image:compileDebugLibraryResources
> Task :shayrn_react-native-android-phone-number-hint:processDebugManifest
> Task :d11_react-native-fast-image:parseDebugLocalResources

> Task :app:processDebugMainManifest
[com.razorpay:standard-core:1.7.1] C:\Users\dell\.gradle\caches\9.0.0\transforms\6a66f7f3647bd66eb066a25d1de50940\transformed\standard-core-1.7.1\AndroidManifest.xml Warning:
	Namespace 'com.razorpay' is used in multiple modules and/or libraries: com.razorpay:standard-core:1.7.1, com.razorpay:core:1.0.1. Please ensure that all modules and libraries have a unique namespace. For more information, See https://developer.android.com/studio/build/configure-app-module#set-namespace
C:\Projects\RewardsPlanners\android\app\src\main\AndroidManifest.xml:48:9-51:45 Warning:
	meta-data#com.google.firebase.messaging.default_notification_channel_id@android:value was tagged at AndroidManifest.xml:48 to replace other declarations but no other declaration present

> Task :app:processDebugManifest
> Task :app:processDebugManifestForPackage
> Task :pushpendersingh_react-native-otp-verify:compileDebugLibraryResources
> Task :pushpendersingh_react-native-otp-verify:parseDebugLocalResources
> Task :pushpendersingh_react-native-otp-verify:generateDebugRFile
> Task :d11_react-native-fast-image:generateDebugRFile
> Task :react-native-async-storage_async-storage:compileDebugLibraryResources
> Task :react-native-biometrics:compileDebugLibraryResources
> Task :react-native-async-storage_async-storage:parseDebugLocalResources
> Task :react-native-biometrics:parseDebugLocalResources
> Task :react-native-biometrics:generateDebugRFile
> Task :react-native-community_geolocation:compileDebugLibraryResources
> Task :react-native-community_geolocation:parseDebugLocalResources
> Task :react-native-async-storage_async-storage:generateDebugRFile
> Task :react-native-community_netinfo:compileDebugLibraryResources
> Task :react-native-community_netinfo:parseDebugLocalResources
> Task :react-native-community_geolocation:generateDebugRFile
> Task :react-native-device-info:compileDebugLibraryResources
> Task :react-native-device-info:parseDebugLocalResources
> Task :react-native-community_netinfo:generateDebugRFile
> Task :react-native-gesture-handler:compileDebugLibraryResources
> Task :react-native-device-info:generateDebugRFile
> Task :react-native-health-connect:compileDebugLibraryResources
> Task :react-native-gesture-handler:parseDebugLocalResources
> Task :react-native-health-connect:parseDebugLocalResources
> Task :react-native-gesture-handler:generateDebugRFile
> Task :react-native-html-to-pdf:compileDebugLibraryResources
> Task :react-native-html-to-pdf:parseDebugLocalResources
> Task :react-native-health-connect:generateDebugRFile
> Task :react-native-image-picker:compileDebugLibraryResources
> Task :react-native-html-to-pdf:generateDebugRFile
> Task :react-native-keychain:compileDebugLibraryResources
> Task :react-native-image-picker:parseDebugLocalResources
> Task :react-native-keychain:parseDebugLocalResources
> Task :react-native-image-picker:generateDebugRFile
> Task :react-native-linear-gradient:compileDebugLibraryResources
> Task :react-native-linear-gradient:parseDebugLocalResources
> Task :react-native-keychain:generateDebugRFile
> Task :react-native-maps:compileDebugLibraryResources
> Task :react-native-linear-gradient:generateDebugRFile
> Task :react-native-maps:parseDebugLocalResources
> Task :react-native-masked-view_masked-view:compileDebugLibraryResources
> Task :react-native-masked-view_masked-view:parseDebugLocalResources
> Task :react-native-maps:generateDebugRFile
> Task :react-native-permissions:compileDebugLibraryResources
> Task :react-native-permissions:parseDebugLocalResources
> Task :react-native-masked-view_masked-view:generateDebugRFile
> Task :react-native-razorpay:compileDebugLibraryResources
> Task :react-native-permissions:generateDebugRFile
> Task :react-native-razorpay:parseDebugLocalResources
> Task :react-native-reanimated:compileDebugLibraryResources
> Task :react-native-reanimated:parseDebugLocalResources
> Task :react-native-reanimated:generateDebugRFile
> Task :react-native-razorpay:generateDebugRFile
> Task :react-native-safe-area-context:compileDebugLibraryResources
> Task :react-native-safe-area-context:parseDebugLocalResources
> Task :react-native-safe-area-context:generateDebugRFile
> Task :react-native-screens:parseDebugLocalResources
> Task :react-native-screens:generateDebugRFile
> Task :react-native-send-intent:compileDebugLibraryResources
> Task :react-native-screens:compileDebugLibraryResources
> Task :react-native-share:compileDebugLibraryResources
> Task :react-native-send-intent:parseDebugLocalResources
> Task :react-native-share:parseDebugLocalResources
> Task :react-native-send-intent:generateDebugRFile
> Task :react-native-svg:compileDebugLibraryResources
> Task :react-native-svg:parseDebugLocalResources
> Task :react-native-svg:generateDebugRFile
> Task :react-native-share:generateDebugRFile
> Task :react-native-vector-icons:compileDebugLibraryResources
> Task :react-native-worklets:compileDebugLibraryResources
> Task :react-native-vector-icons:parseDebugLocalResources
> Task :react-native-worklets:parseDebugLocalResources
> Task :react-native-vector-icons:generateDebugRFile
> Task :shayrn_react-native-android-phone-number-hint:compileDebugLibraryResources
> Task :shayrn_react-native-android-phone-number-hint:parseDebugLocalResources
> Task :react-native-worklets:generateDebugRFile
> Task :d11_react-native-fast-image:generateDebugBuildConfig
> Task :shayrn_react-native-android-phone-number-hint:generateDebugRFile
> Task :d11_react-native-fast-image:javaPreCompileDebug

> Task :d11_react-native-fast-image:compileDebugJavaWithJavac
Note: [2] Wrote GeneratedAppGlideModule with: [com.bumptech.glide.integration.webp.WebpGlideLibraryModule, 
com.github.penfeizhou.animation.glide.GlideAnimationModule, 
com.bumptech.glide.integration.okhttp3.OkHttpLibraryGlideModule, com.bumptech.glide.integration.avif.AvifGlideModule, 
com.fastimage.svg.SvgModule, com.dylanvann.fastimage.FastImageOkHttpProgressGlideModule]
Note: Some input files use or override a deprecated API.
Note: Recompile with -Xlint:deprecation for details.
Note: C:\Projects\RewardsPlanners\node_modules\@d11\react-native-fast-image\android\src\main\java\com\dylanvann\fastima
ge\FastImageViewWithUrl.java uses unchecked or unsafe operations.
Note: Recompile with -Xlint:unchecked for details.

> Task :d11_react-native-fast-image:bundleLibCompileToJarDebug
> Task :pushpendersingh_react-native-otp-verify:checkKotlinGradlePluginConfigurationErrors SKIPPED
> Task :pushpendersingh_react-native-otp-verify:generateDebugBuildConfig
> Task :app:processDebugResources
> Task :pushpendersingh_react-native-otp-verify:javaPreCompileDebug
> Task :react-native-async-storage_async-storage:generateDebugBuildConfig
> Task :react-native-async-storage_async-storage:javaPreCompileDebug

> Task :react-native-async-storage_async-storage:compileDebugJavaWithJavac
Note: Some input files use or override a deprecated API.
Note: Recompile with -Xlint:deprecation for details.
Note: C:\Projects\RewardsPlanners\node_modules\@react-native-async-storage\async-storage\android\src\javaPackage\java\c
om\reactnativecommunity\asyncstorage\AsyncStoragePackage.java uses unchecked or unsafe operations.
Note: Recompile with -Xlint:unchecked for details.

> Task :react-native-async-storage_async-storage:bundleLibCompileToJarDebug
> Task :react-native-biometrics:generateDebugBuildConfig
> Task :react-native-biometrics:javaPreCompileDebug

> Task :react-native-biometrics:compileDebugJavaWithJavac
Note: Some input files use or override a deprecated API.
Note: Recompile with -Xlint:deprecation for details.

> Task :react-native-biometrics:bundleLibCompileToJarDebug
> Task :react-native-community_geolocation:generateDebugBuildConfig
> Task :react-native-community_geolocation:javaPreCompileDebug

> Task :react-native-community_geolocation:compileDebugJavaWithJavac
Note: Some input files use or override a deprecated API.
Note: Recompile with -Xlint:deprecation for details.

> Task :react-native-community_geolocation:bundleLibCompileToJarDebug
> Task :react-native-community_netinfo:generateDebugBuildConfig
> Task :react-native-community_netinfo:javaPreCompileDebug

> Task :react-native-community_netinfo:compileDebugJavaWithJavac
C:\Projects\RewardsPlanners\node_modules\@react-native-community\netinfo\android\src\newarch\com\reactnativecommunity\n
etinfo\NetInfoModule.java:43: warning: [removal] onCatalystInstanceDestroy() in NativeModule has been deprecated and 
marked for removal
    public void onCatalystInstanceDestroy() {
                ^
Note: Some input files use or override a deprecated API.
Note: Recompile with -Xlint:deprecation for details.
1 warning

> Task :react-native-community_netinfo:bundleLibCompileToJarDebug
> Task :react-native-device-info:generateDebugBuildConfig
> Task :react-native-device-info:javaPreCompileDebug

> Task :react-native-device-info:compileDebugJavaWithJavac
Note: Some input files use or override a deprecated API.
Note: Recompile with -Xlint:deprecation for details.

> Task :react-native-device-info:bundleLibCompileToJarDebug
> Task :react-native-gesture-handler:checkKotlinGradlePluginConfigurationErrors SKIPPED
> Task :react-native-gesture-handler:generateDebugBuildConfig
> Task :react-native-reanimated:generateDebugBuildConfig
> Task :react-native-reanimated:javaPreCompileDebug
> Task :react-native-worklets:checkKotlinGradlePluginConfigurationErrors SKIPPED
> Task :react-native-worklets:generateDebugBuildConfig
> Task :react-native-worklets:compileDebugKotlin NO-SOURCE
> Task :react-native-worklets:javaPreCompileDebug
> Task :pushpendersingh_react-native-otp-verify:compileDebugKotlin

> Task :react-native-worklets:compileDebugJavaWithJavac
Note: C:\Projects\RewardsPlanners\node_modules\react-native-worklets\android\src\main\java\com\swmansion\worklets\Workl
etsMessageQueueThreadBase.java uses or overrides a deprecated API.
Note: Recompile with -Xlint:deprecation for details.
Note: C:\Projects\RewardsPlanners\node_modules\react-native-worklets\android\src\main\java\com\swmansion\worklets\Workl
etsPackage.java uses unchecked or unsafe operations.
Note: Recompile with -Xlint:unchecked for details.

> Task :react-native-worklets:bundleLibCompileToJarDebug

> Task :react-native-reanimated:compileDebugJavaWithJavac
Note: Some input files use or override a deprecated API.
Note: Recompile with -Xlint:deprecation for details.
Note: Some input files use unchecked or unsafe operations.
Note: Recompile with -Xlint:unchecked for details.

> Task :react-native-reanimated:bundleLibCompileToJarDebug
> Task :react-native-svg:generateDebugBuildConfig
> Task :react-native-svg:javaPreCompileDebug

> Task :react-native-svg:compileDebugJavaWithJavac
Note: Some input files use or override a deprecated API.
Note: Recompile with -Xlint:deprecation for details.
Note: Some input files use unchecked or unsafe operations.
Note: Recompile with -Xlint:unchecked for details.

> Task :pushpendersingh_react-native-otp-verify:compileDebugKotlin
w: file:///C:/Projects/RewardsPlanners/node_modules/@pushpendersingh/react-native-otp-verify/android/src/main/java/com/pushpendersingh/reactnativeotpverify/ReactNativeOtpVerifyModule.kt:147:34 'fun get(p0: String!): Any?' is deprecated. Deprecated in Java.
w: file:///C:/Projects/RewardsPlanners/node_modules/@pushpendersingh/react-native-otp-verify/android/src/main/java/com/pushpendersingh/reactnativeotpverify/ReactNativeOtpVerifyModule.kt:254:46 'fun get(p0: String!): Any?' is deprecated. Deprecated in Java.
w: file:///C:/Projects/RewardsPlanners/node_modules/@pushpendersingh/react-native-otp-verify/android/src/main/java/com/pushpendersingh/reactnativeotpverify/ReactNativeOtpVerifyModule.kt:259:44 'fun <T : Parcelable!> getParcelable(p0: String?): T?' is deprecated. Deprecated in Java.

> Task :react-native-svg:bundleLibCompileToJarDebug
> Task :pushpendersingh_react-native-otp-verify:compileDebugJavaWithJavac
> Task :pushpendersingh_react-native-otp-verify:bundleLibCompileToJarDebug
> Task :react-native-gesture-handler:javaPreCompileDebug
> Task :react-native-health-connect:checkKotlinGradlePluginConfigurationErrors SKIPPED
> Task :react-native-health-connect:generateDebugBuildConfig
> Task :react-native-gesture-handler:compileDebugKotlin
> Task :react-native-health-connect:compileDebugKotlin
w: file:///C:/Projects/RewardsPlanners/node_modules/react-native-health-connect/android/src/main/java/dev/matinzd/healthconnect/HealthConnectPackage.kt:3:8 'class TurboReactPackage : BaseReactPackage' is deprecated. Use BaseReactPackage instead.
w: file:///C:/Projects/RewardsPlanners/node_modules/react-native-health-connect/android/src/main/java/dev/matinzd/healthconnect/HealthConnectPackage.kt:10:30 'class TurboReactPackage : BaseReactPackage' is deprecated. Use BaseReactPackage instead.
w: file:///C:/Projects/RewardsPlanners/node_modules/react-native-health-connect/android/src/main/java/dev/matinzd/healthconnect/HealthConnectPackage.kt:23:47 'constructor(name: String, className: String, canOverrideExistingModule: Boolean, needsEagerInit: Boolean, hasConstants: Boolean, isCxxModule: Boolean, isTurboModule: Boolean): ReactModuleInfo' is deprecated. This constructor is deprecated and will be removed in the future. Use ReactModuleInfo(String, String, boolean, boolean, boolean, boolean)].
w: file:///C:/Projects/RewardsPlanners/node_modules/react-native-health-connect/android/src/main/java/dev/matinzd/healthconnect/records/ReactHealthRecord.kt:34:26 'fun newInstance(): CapturedType(out ReactHealthRecordImpl<*>)!' is deprecated. Deprecated in Java.
w: file:///C:/Projects/RewardsPlanners/node_modules/react-native-health-connect/android/src/main/java/dev/matinzd/healthconnect/records/ReactHealthRecord.kt:34:40 Unchecked cast of 'ReactHealthRecordImpl<*>?' to 'ReactHealthRecordImpl<T (of fun <T : Record> createReactHealthRecordInstance)>'.
w: file:///C:/Projects/RewardsPlanners/node_modules/react-native-health-connect/android/src/main/java/dev/matinzd/healthconnect/records/ReactHealthRecord.kt:43:26 'fun newInstance(): CapturedType(out ReactHealthRecordImpl<out Record>)!' is deprecated. Deprecated in Java.
w: file:///C:/Projects/RewardsPlanners/node_modules/react-native-health-connect/android/src/main/java/dev/matinzd/healthconnect/records/ReactHealthRecord.kt:43:40 Unchecked cast of 'ReactHealthRecordImpl<out Record>?' to 'ReactHealthRecordImpl<T (of fun <T : Record> createReactHealthRecordInstance)>'.

> Task :react-native-health-connect:javaPreCompileDebug
> Task :react-native-health-connect:compileDebugJavaWithJavac
> Task :react-native-health-connect:bundleLibCompileToJarDebug
> Task :react-native-html-to-pdf:checkKotlinGradlePluginConfigurationErrors SKIPPED
> Task :react-native-html-to-pdf:generateDebugBuildConfig
> Task :react-native-gesture-handler:compileDebugJavaWithJavac
> Task :react-native-gesture-handler:bundleLibCompileToJarDebug
> Task :react-native-html-to-pdf:javaPreCompileDebug
> Task :react-native-image-picker:generateDebugBuildConfig
> Task :react-native-image-picker:javaPreCompileDebug

> Task :react-native-image-picker:compileDebugJavaWithJavac
Note: C:\Projects\RewardsPlanners\node_modules\react-native-image-picker\android\src\main\java\com\imagepicker\ImagePic
kerPackage.java uses or overrides a deprecated API.
Note: Recompile with -Xlint:deprecation for details.

> Task :react-native-image-picker:bundleLibCompileToJarDebug
> Task :react-native-keychain:checkKotlinGradlePluginConfigurationErrors SKIPPED
> Task :react-native-keychain:generateDebugBuildConfig

> Task :react-native-html-to-pdf:compileDebugKotlin
w: file:///C:/Projects/RewardsPlanners/node_modules/react-native-html-to-pdf/android/src/main/java/android/print/PdfConverter.kt:66:59 'fun createPrintDocumentAdapter(): PrintDocumentAdapter!' is deprecated. Deprecated in Java.
w: file:///C:/Projects/RewardsPlanners/node_modules/react-native-html-to-pdf/android/src/main/java/com/htmltopdf/HtmlToPdfModule.kt:81:66 Java type mismatch: inferred type is 'String?', but 'String' was expected.
w: file:///C:/Projects/RewardsPlanners/node_modules/react-native-html-to-pdf/android/src/main/java/com/htmltopdf/HtmlToPdfModule.kt:83:49 Java type mismatch: inferred type is 'String?', but 'String' was expected.

> Task :react-native-html-to-pdf:compileDebugJavaWithJavac
> Task :react-native-html-to-pdf:bundleLibCompileToJarDebug
> Task :react-native-keychain:javaPreCompileDebug
> Task :react-native-linear-gradient:generateDebugBuildConfig
> Task :react-native-linear-gradient:javaPreCompileDebug

> Task :react-native-linear-gradient:compileDebugJavaWithJavac
Note: C:\Projects\RewardsPlanners\node_modules\react-native-linear-gradient\android\src\main\java\com\BV\LinearGradient
\LinearGradientPackage.java uses or overrides a deprecated API.
Note: Recompile with -Xlint:deprecation for details.

> Task :react-native-linear-gradient:bundleLibCompileToJarDebug
> Task :react-native-maps:generateDebugBuildConfig
> Task :react-native-maps:javaPreCompileDebug

> Task :react-native-keychain:compileDebugKotlin
w: file:///C:/Projects/RewardsPlanners/node_modules/react-native-keychain/android/src/main/java/com/oblador/keychain/KeychainPackage.kt:11:16 This declaration overrides a deprecated member but is not marked as deprecated itself. Add the '@Deprecated' annotation or suppress the diagnostic.
w: file:///C:/Projects/RewardsPlanners/node_modules/react-native-keychain/android/src/main/java/com/oblador/keychain/cipherStorage/CipherStorageBase.kt:256:40 'val isInsideSecureHardware: Boolean' is deprecated. Deprecated in Java.
w: file:///C:/Projects/RewardsPlanners/node_modules/react-native-keychain/android/src/main/java/com/oblador/keychain/cipherStorage/CipherStorageKeystoreAesGcm.kt:175:44 'fun setUserAuthenticationValidityDurationSeconds(p0: Int): KeyGenParameterSpec.Builder' is deprecated. Deprecated in Java.
w: file:///C:/Projects/RewardsPlanners/node_modules/react-native-keychain/android/src/main/java/com/oblador/keychain/cipherStorage/CipherStorageKeystoreRsaEcb.kt:200:40 'fun setUserAuthenticationValidityDurationSeconds(p0: Int): KeyGenParameterSpec.Builder' is deprecated. Deprecated in Java.

> Task :react-native-maps:compileDebugJavaWithJavac
Note: Some input files use or override a deprecated API.
Note: Recompile with -Xlint:deprecation for details.
Note: Some input files use unchecked or unsafe operations.
Note: Recompile with -Xlint:unchecked for details.

> Task :react-native-keychain:compileDebugJavaWithJavac
> Task :react-native-keychain:bundleLibCompileToJarDebug
> Task :react-native-masked-view_masked-view:generateDebugBuildConfig
> Task :react-native-maps:bundleLibCompileToJarDebug
> Task :react-native-masked-view_masked-view:javaPreCompileDebug

> Task :react-native-masked-view_masked-view:compileDebugJavaWithJavac
Note: C:\Projects\RewardsPlanners\node_modules\@react-native-masked-view\masked-view\android\src\main\java\org\reactnat
ive\maskedview\RNCMaskedViewPackage.java uses or overrides a deprecated API.
Note: Recompile with -Xlint:deprecation for details.

> Task :react-native-permissions:checkKotlinGradlePluginConfigurationErrors SKIPPED
> Task :react-native-permissions:generateDebugBuildConfig
> Task :react-native-masked-view_masked-view:bundleLibCompileToJarDebug
> Task :react-native-permissions:javaPreCompileDebug
> Task :react-native-razorpay:generateDebugBuildConfig
> Task :react-native-razorpay:javaPreCompileDebug

> Task :react-native-razorpay:compileDebugJavaWithJavac
Note: Some input files use or override a deprecated API.
Note: Recompile with -Xlint:deprecation for details.

> Task :react-native-razorpay:bundleLibCompileToJarDebug
> Task :react-native-safe-area-context:checkKotlinGradlePluginConfigurationErrors SKIPPED
> Task :react-native-safe-area-context:generateDebugBuildConfig

> Task :react-native-permissions:compileDebugKotlin
w: file:///C:/Projects/RewardsPlanners/node_modules/react-native-permissions/android/src/main/java/com/zoontek/rnpermissions/RNPermissionsPackage.kt:3:8 'class TurboReactPackage : BaseReactPackage' is deprecated. Use BaseReactPackage instead.
w: file:///C:/Projects/RewardsPlanners/node_modules/react-native-permissions/android/src/main/java/com/zoontek/rnpermissions/RNPermissionsPackage.kt:9:30 'class TurboReactPackage : BaseReactPackage' is deprecated. Use BaseReactPackage instead.

> Task :react-native-permissions:compileDebugJavaWithJavac
> Task :react-native-permissions:bundleLibCompileToJarDebug
> Task :react-native-safe-area-context:javaPreCompileDebug
> Task :react-native-screens:checkKotlinGradlePluginConfigurationErrors SKIPPED
> Task :react-native-screens:generateDebugBuildConfig

> Task :react-native-safe-area-context:compileDebugKotlin
w: file:///C:/Projects/RewardsPlanners/node_modules/react-native-safe-area-context/android/src/main/java/com/th3rdwave/safeareacontext/SafeAreaView.kt:9:8 'class UIManagerModule : ReactContextBaseJavaModule, OnBatchCompleteListener, LifecycleEventListener, UIManager' is deprecated. Deprecated in Java.
w: file:///C:/Projects/RewardsPlanners/node_modules/react-native-safe-area-context/android/src/main/java/com/th3rdwave/safeareacontext/SafeAreaView.kt:50:54 'class UIManagerModule : ReactContextBaseJavaModule, OnBatchCompleteListener, LifecycleEventListener, UIManager' is deprecated. Deprecated in Java.
w: file:///C:/Projects/RewardsPlanners/node_modules/react-native-safe-area-context/android/src/main/java/com/th3rdwave/safeareacontext/SafeAreaView.kt:59:23 'val uiImplementation: UIImplementation!' is deprecated. Deprecated in Java.
w: file:///C:/Projects/RewardsPlanners/node_modules/react-native-safe-area-context/android/src/main/java/com/th3rdwave/safeareacontext/SafeAreaViewShadowNode.kt:9:32 'class LayoutShadowNode : ReactShadowNodeImpl' is deprecated. Deprecated in Java.
w: file:///C:/Projects/RewardsPlanners/node_modules/react-native-safe-area-context/android/src/main/java/com/th3rdwave/safeareacontext/SafeAreaViewShadowNode.kt:110:61 'class NativeViewHierarchyOptimizer : Any' is deprecated. Deprecated in Java.

> Task :react-native-safe-area-context:compileDebugJavaWithJavac
> Task :react-native-safe-area-context:bundleLibCompileToJarDebug
> Task :react-native-screens:javaPreCompileDebug
> Task :react-native-send-intent:generateDebugBuildConfig
> Task :react-native-send-intent:javaPreCompileDebug

> Task :react-native-send-intent:compileDebugJavaWithJavac
Note: Some input files use or override a deprecated API.
Note: Recompile with -Xlint:deprecation for details.

> Task :react-native-send-intent:bundleLibCompileToJarDebug
> Task :react-native-share:generateDebugBuildConfig
> Task :react-native-share:javaPreCompileDebug

> Task :react-native-share:compileDebugJavaWithJavac
Note: Some input files use or override a deprecated API.
Note: Recompile with -Xlint:deprecation for details.

> Task :react-native-share:bundleLibCompileToJarDebug
> Task :react-native-vector-icons:generateDebugBuildConfig
> Task :react-native-vector-icons:javaPreCompileDebug

> Task :react-native-vector-icons:compileDebugJavaWithJavac
Note: Some input files use or override a deprecated API.
Note: Recompile with -Xlint:deprecation for details.

> Task :react-native-vector-icons:bundleLibCompileToJarDebug
> Task :shayrn_react-native-android-phone-number-hint:checkKotlinGradlePluginConfigurationErrors SKIPPED
> Task :shayrn_react-native-android-phone-number-hint:generateDebugBuildConfig

> Task :shayrn_react-native-android-phone-number-hint:compileDebugKotlin
w: file:///C:/Projects/RewardsPlanners/node_modules/@shayrn/react-native-android-phone-number-hint/android/src/main/java/com/androidphonenumberhint/AndroidPhoneNumberHintPackage.kt:39:16 This declaration overrides a deprecated member but is not marked as deprecated itself. Add the '@Deprecated' annotation or suppress the diagnostic.

> Task :shayrn_react-native-android-phone-number-hint:javaPreCompileDebug
> Task :shayrn_react-native-android-phone-number-hint:compileDebugJavaWithJavac
> Task :shayrn_react-native-android-phone-number-hint:bundleLibCompileToJarDebug
> Task :app:javaPreCompileDebug
> Task :app:mergeDebugShaders
> Task :app:compileDebugShaders NO-SOURCE
> Task :app:copyReactNativeVectorIconFonts
> Task :app:generateDebugAssets
> Task :d11_react-native-fast-image:mergeDebugShaders
> Task :d11_react-native-fast-image:compileDebugShaders NO-SOURCE
> Task :d11_react-native-fast-image:generateDebugAssets UP-TO-DATE
> Task :d11_react-native-fast-image:mergeDebugAssets
> Task :pushpendersingh_react-native-otp-verify:mergeDebugShaders
> Task :pushpendersingh_react-native-otp-verify:compileDebugShaders NO-SOURCE
> Task :pushpendersingh_react-native-otp-verify:generateDebugAssets UP-TO-DATE
> Task :pushpendersingh_react-native-otp-verify:mergeDebugAssets
> Task :react-native-async-storage_async-storage:mergeDebugShaders
> Task :react-native-async-storage_async-storage:compileDebugShaders NO-SOURCE
> Task :react-native-async-storage_async-storage:generateDebugAssets UP-TO-DATE
> Task :react-native-async-storage_async-storage:mergeDebugAssets
> Task :react-native-biometrics:mergeDebugShaders
> Task :react-native-biometrics:compileDebugShaders NO-SOURCE
> Task :react-native-biometrics:generateDebugAssets UP-TO-DATE
> Task :react-native-biometrics:mergeDebugAssets
> Task :react-native-community_geolocation:mergeDebugShaders
> Task :react-native-community_geolocation:compileDebugShaders NO-SOURCE
> Task :react-native-community_geolocation:generateDebugAssets UP-TO-DATE
> Task :react-native-community_geolocation:mergeDebugAssets
> Task :react-native-community_netinfo:mergeDebugShaders
> Task :react-native-community_netinfo:compileDebugShaders NO-SOURCE
> Task :react-native-community_netinfo:generateDebugAssets UP-TO-DATE
> Task :react-native-community_netinfo:mergeDebugAssets
> Task :react-native-device-info:mergeDebugShaders
> Task :react-native-device-info:compileDebugShaders NO-SOURCE
> Task :react-native-device-info:generateDebugAssets UP-TO-DATE
> Task :react-native-screens:compileDebugKotlin
> Task :react-native-device-info:mergeDebugAssets
> Task :react-native-gesture-handler:mergeDebugShaders
> Task :react-native-gesture-handler:compileDebugShaders NO-SOURCE
> Task :react-native-gesture-handler:generateDebugAssets UP-TO-DATE
> Task :react-native-gesture-handler:mergeDebugAssets
> Task :react-native-health-connect:mergeDebugShaders
> Task :react-native-health-connect:compileDebugShaders NO-SOURCE
> Task :react-native-health-connect:generateDebugAssets UP-TO-DATE
> Task :react-native-health-connect:mergeDebugAssets
> Task :react-native-html-to-pdf:mergeDebugShaders
> Task :react-native-html-to-pdf:compileDebugShaders NO-SOURCE
> Task :react-native-html-to-pdf:generateDebugAssets UP-TO-DATE
> Task :react-native-html-to-pdf:mergeDebugAssets
> Task :react-native-image-picker:mergeDebugShaders
> Task :react-native-image-picker:compileDebugShaders NO-SOURCE
> Task :react-native-image-picker:generateDebugAssets UP-TO-DATE
> Task :react-native-image-picker:mergeDebugAssets
> Task :react-native-keychain:mergeDebugShaders
> Task :react-native-keychain:compileDebugShaders NO-SOURCE
> Task :react-native-keychain:generateDebugAssets UP-TO-DATE
> Task :react-native-keychain:mergeDebugAssets
> Task :react-native-linear-gradient:mergeDebugShaders
> Task :react-native-linear-gradient:compileDebugShaders NO-SOURCE
> Task :react-native-linear-gradient:generateDebugAssets UP-TO-DATE
> Task :react-native-linear-gradient:mergeDebugAssets
> Task :react-native-maps:mergeDebugShaders
> Task :react-native-maps:compileDebugShaders NO-SOURCE
> Task :react-native-maps:generateDebugAssets UP-TO-DATE
> Task :react-native-maps:mergeDebugAssets
> Task :react-native-masked-view_masked-view:mergeDebugShaders
> Task :react-native-masked-view_masked-view:compileDebugShaders NO-SOURCE
> Task :react-native-masked-view_masked-view:generateDebugAssets UP-TO-DATE
> Task :react-native-masked-view_masked-view:mergeDebugAssets
> Task :react-native-permissions:mergeDebugShaders
> Task :react-native-permissions:compileDebugShaders NO-SOURCE
> Task :react-native-permissions:generateDebugAssets UP-TO-DATE
> Task :react-native-permissions:mergeDebugAssets
> Task :react-native-razorpay:mergeDebugShaders
> Task :react-native-razorpay:compileDebugShaders NO-SOURCE
> Task :react-native-razorpay:generateDebugAssets UP-TO-DATE
> Task :react-native-razorpay:mergeDebugAssets
> Task :react-native-reanimated:mergeDebugShaders
> Task :react-native-reanimated:compileDebugShaders NO-SOURCE
> Task :react-native-reanimated:generateDebugAssets UP-TO-DATE
> Task :react-native-reanimated:mergeDebugAssets
> Task :react-native-safe-area-context:mergeDebugShaders
> Task :react-native-safe-area-context:compileDebugShaders NO-SOURCE
> Task :react-native-safe-area-context:generateDebugAssets UP-TO-DATE
> Task :react-native-safe-area-context:mergeDebugAssets
> Task :react-native-screens:mergeDebugShaders
> Task :react-native-screens:compileDebugShaders NO-SOURCE
> Task :react-native-screens:generateDebugAssets UP-TO-DATE
> Task :react-native-screens:mergeDebugAssets
> Task :react-native-send-intent:mergeDebugShaders
> Task :react-native-send-intent:compileDebugShaders NO-SOURCE
> Task :react-native-send-intent:generateDebugAssets UP-TO-DATE
> Task :react-native-send-intent:mergeDebugAssets
> Task :react-native-share:mergeDebugShaders
> Task :react-native-share:compileDebugShaders NO-SOURCE
> Task :react-native-share:generateDebugAssets UP-TO-DATE
> Task :react-native-share:mergeDebugAssets
> Task :react-native-svg:mergeDebugShaders
> Task :react-native-svg:compileDebugShaders NO-SOURCE
> Task :react-native-svg:generateDebugAssets UP-TO-DATE
> Task :react-native-svg:mergeDebugAssets
> Task :react-native-vector-icons:mergeDebugShaders
> Task :react-native-vector-icons:compileDebugShaders NO-SOURCE
> Task :react-native-vector-icons:generateDebugAssets UP-TO-DATE
> Task :react-native-vector-icons:mergeDebugAssets
> Task :react-native-worklets:mergeDebugShaders
> Task :react-native-worklets:compileDebugShaders NO-SOURCE
> Task :react-native-worklets:generateDebugAssets UP-TO-DATE
> Task :react-native-worklets:mergeDebugAssets
> Task :shayrn_react-native-android-phone-number-hint:mergeDebugShaders
> Task :shayrn_react-native-android-phone-number-hint:compileDebugShaders NO-SOURCE
> Task :shayrn_react-native-android-phone-number-hint:generateDebugAssets UP-TO-DATE
> Task :shayrn_react-native-android-phone-number-hint:mergeDebugAssets
> Task :app:mergeDebugAssets
> Task :app:compressDebugAssets
> Task :pushpendersingh_react-native-otp-verify:bundleLibRuntimeToJarDebug
> Task :shayrn_react-native-android-phone-number-hint:bundleLibRuntimeToJarDebug
> Task :react-native-gesture-handler:bundleLibRuntimeToJarDebug

> Task :react-native-screens:compileDebugKotlin
w: file:///C:/Projects/RewardsPlanners/node_modules/react-native-screens/android/src/main/java/com/swmansion/rnscreens/RNScreensPackage.kt:62:9 The corresponding parameter in the supertype 'BaseReactPackage' is named 'name'. This may cause problems when calling this function with named arguments.
w: file:///C:/Projects/RewardsPlanners/node_modules/react-native-screens/android/src/main/java/com/swmansion/rnscreens/RNScreensPackage.kt:63:9 The corresponding parameter in the supertype 'BaseReactPackage' is named 'reactContext'. This may cause problems when calling this function with named arguments.
w: file:///C:/Projects/RewardsPlanners/node_modules/react-native-screens/android/src/main/java/com/swmansion/rnscreens/RNScreensPackage.kt:76:17 'constructor(name: String, className: String, canOverrideExistingModule: Boolean, needsEagerInit: Boolean, hasConstants: Boolean, isCxxModule: Boolean, isTurboModule: Boolean): ReactModuleInfo' is deprecated. This constructor is deprecated and will be removed in the future. Use ReactModuleInfo(String, String, boolean, boolean, boolean, boolean)].
w: file:///C:/Projects/RewardsPlanners/node_modules/react-native-screens/android/src/main/java/com/swmansion/rnscreens/Screen.kt:26:8 'class UIManagerModule : ReactContextBaseJavaModule, OnBatchCompleteListener, LifecycleEventListener, UIManager' is deprecated. Deprecated in Java.
w: file:///C:/Projects/RewardsPlanners/node_modules/react-native-screens/android/src/main/java/com/swmansion/rnscreens/Screen.kt:56:77 Unchecked cast of '(CoordinatorLayout.Behavior<View!>?..CoordinatorLayout.Behavior<*>?)' to 'BottomSheetBehavior<Screen>'.
w: file:///C:/Projects/RewardsPlanners/node_modules/react-native-screens/android/src/main/java/com/swmansion/rnscreens/Screen.kt:428:42 'class UIManagerModule : ReactContextBaseJavaModule, OnBatchCompleteListener, LifecycleEventListener, UIManager' is deprecated. Deprecated in Java.
w: file:///C:/Projects/RewardsPlanners/node_modules/react-native-screens/android/src/main/java/com/swmansion/rnscreens/ScreenContainerViewManager.kt:6:8 'class LayoutShadowNode : ReactShadowNodeImpl' is deprecated. Deprecated in Java.
w: file:///C:/Projects/RewardsPlanners/node_modules/react-native-screens/android/src/main/java/com/swmansion/rnscreens/ScreenContainerViewManager.kt:56:78 'class LayoutShadowNode : ReactShadowNodeImpl' is deprecated. Deprecated in Java.
w: file:///C:/Projects/RewardsPlanners/node_modules/react-native-screens/android/src/main/java/com/swmansion/rnscreens/ScreenStackFragment.kt:222:31 'var targetElevation: Float' is deprecated. Deprecated in Java.
w: file:///C:/Projects/RewardsPlanners/node_modules/react-native-screens/android/src/main/java/com/swmansion/rnscreens/ScreenStackFragment.kt:225:13 'fun setHasOptionsMenu(p0: Boolean): Unit' is deprecated. Deprecated in Java.
w: file:///C:/Projects/RewardsPlanners/node_modules/react-native-screens/android/src/main/java/com/swmansion/rnscreens/ScreenStackFragment.kt:404:18 This declaration overrides a deprecated member but is not marked as deprecated itself. Add the '@Deprecated' annotation or suppress the diagnostic.
w: file:///C:/Projects/RewardsPlanners/node_modules/react-native-screens/android/src/main/java/com/swmansion/rnscreens/ScreenStackFragment.kt:411:22 'fun onPrepareOptionsMenu(p0: Menu): Unit' is deprecated. Deprecated in Java.
w: file:///C:/Projects/RewardsPlanners/node_modules/react-native-screens/android/src/main/java/com/swmansion/rnscreens/ScreenStackFragment.kt:414:18 This declaration overrides a deprecated member but is not marked as deprecated itself. Add the '@Deprecated' annotation or suppress the diagnostic.
w: file:///C:/Projects/RewardsPlanners/node_modules/react-native-screens/android/src/main/java/com/swmansion/rnscreens/ScreenStackFragment.kt:419:22 'fun onCreateOptionsMenu(p0: Menu, p1: MenuInflater): Unit' is deprecated. Deprecated in Java.
w: file:///C:/Projects/RewardsPlanners/node_modules/react-native-screens/android/src/main/java/com/swmansion/rnscreens/ScreenStackHeaderConfig.kt:441:22 'val reactNativeHost: ReactNativeHost' is deprecated. You should not use ReactNativeHost directly in the New Architecture. Use ReactHost instead.
w: file:///C:/Projects/RewardsPlanners/node_modules/react-native-screens/android/src/main/java/com/swmansion/rnscreens/ScreenStackHeaderConfigShadowNode.kt:4:8 'class LayoutShadowNode : ReactShadowNodeImpl' is deprecated. Deprecated in Java.
w: file:///C:/Projects/RewardsPlanners/node_modules/react-native-screens/android/src/main/java/com/swmansion/rnscreens/ScreenStackHeaderConfigShadowNode.kt:10:5 'class LayoutShadowNode : ReactShadowNodeImpl' is deprecated. Deprecated in Java.
w: file:///C:/Projects/RewardsPlanners/node_modules/react-native-screens/android/src/main/java/com/swmansion/rnscreens/ScreenStackHeaderConfigViewManager.kt:9:8 'class LayoutShadowNode : ReactShadowNodeImpl' is deprecated. Deprecated in Java.
w: file:///C:/Projects/RewardsPlanners/node_modules/react-native-screens/android/src/main/java/com/swmansion/rnscreens/ScreenStackHeaderConfigViewManager.kt:37:78 'class LayoutShadowNode : ReactShadowNodeImpl' is deprecated. Deprecated in Java.
w: file:///C:/Projects/RewardsPlanners/node_modules/react-native-screens/android/src/main/java/com/swmansion/rnscreens/ScreenStackViewManager.kt:6:8 'class LayoutShadowNode : ReactShadowNodeImpl' is deprecated. Deprecated in Java.
w: file:///C:/Projects/RewardsPlanners/node_modules/react-native-screens/android/src/main/java/com/swmansion/rnscreens/ScreenStackViewManager.kt:65:78 'class LayoutShadowNode : ReactShadowNodeImpl' is deprecated. Deprecated in Java.
w: file:///C:/Projects/RewardsPlanners/node_modules/react-native-screens/android/src/main/java/com/swmansion/rnscreens/ScreenWindowTraits.kt:48:42 'fun replaceSystemWindowInsets(p0: Int, p1: Int, p2: Int, p3: Int): @NonNull() WindowInsetsCompat' is deprecated. Deprecated in Java.
w: file:///C:/Projects/RewardsPlanners/node_modules/react-native-screens/android/src/main/java/com/swmansion/rnscreens/ScreenWindowTraits.kt:49:39 'val systemWindowInsetLeft: Int' is deprecated. Deprecated in Java.
w: file:///C:/Projects/RewardsPlanners/node_modules/react-native-screens/android/src/main/java/com/swmansion/rnscreens/ScreenWindowTraits.kt:51:39 'val systemWindowInsetRight: Int' is deprecated. Deprecated in Java.
w: file:///C:/Projects/RewardsPlanners/node_modules/react-native-screens/android/src/main/java/com/swmansion/rnscreens/ScreenWindowTraits.kt:52:39 'val systemWindowInsetBottom: Int' is deprecated. Deprecated in Java.
w: file:///C:/Projects/RewardsPlanners/node_modules/react-native-screens/android/src/main/java/com/swmansion/rnscreens/ScreensShadowNode.kt:4:8 'class LayoutShadowNode : ReactShadowNodeImpl' is deprecated. Deprecated in Java.
w: file:///C:/Projects/RewardsPlanners/node_modules/react-native-screens/android/src/main/java/com/swmansion/rnscreens/ScreensShadowNode.kt:5:8 'class NativeViewHierarchyManager : Any' is deprecated. Deprecated in Java.
w: file:///C:/Projects/RewardsPlanners/node_modules/react-native-screens/android/src/main/java/com/swmansion/rnscreens/ScreensShadowNode.kt:6:8 'class NativeViewHierarchyOptimizer : Any' is deprecated. Deprecated in Java.
w: file:///C:/Projects/RewardsPlanners/node_modules/react-native-screens/android/src/main/java/com/swmansion/rnscreens/ScreensShadowNode.kt:7:8 'class UIManagerModule : ReactContextBaseJavaModule, OnBatchCompleteListener, LifecycleEventListener, UIManager' is deprecated. Deprecated in Java.
w: file:///C:/Projects/RewardsPlanners/node_modules/react-native-screens/android/src/main/java/com/swmansion/rnscreens/ScreensShadowNode.kt:11:5 'class LayoutShadowNode : ReactShadowNodeImpl' is deprecated. Deprecated in Java.
w: file:///C:/Projects/RewardsPlanners/node_modules/react-native-screens/android/src/main/java/com/swmansion/rnscreens/ScreensShadowNode.kt:12:63 'class NativeViewHierarchyOptimizer : Any' is deprecated. Deprecated in Java.
w: file:///C:/Projects/RewardsPlanners/node_modules/react-native-screens/android/src/main/java/com/swmansion/rnscreens/ScreensShadowNode.kt:14:34 'class UIManagerModule : ReactContextBaseJavaModule, OnBatchCompleteListener, LifecycleEventListener, UIManager' is deprecated. Deprecated in Java.
w: file:///C:/Projects/RewardsPlanners/node_modules/react-native-screens/android/src/main/java/com/swmansion/rnscreens/ScreensShadowNode.kt:14:106 'class NativeViewHierarchyManager : Any' is deprecated. Deprecated in Java.
w: file:///C:/Projects/RewardsPlanners/node_modules/react-native-screens/android/src/main/java/com/swmansion/rnscreens/bottomsheet/BottomSheetDialogRootView.kt:7:8 'object ReactFeatureFlags : Any' is deprecated. Use com.facebook.react.internal.featureflags.ReactNativeFeatureFlags instead.
w: file:///C:/Projects/RewardsPlanners/node_modules/react-native-screens/android/src/main/java/com/swmansion/rnscreens/bottomsheet/BottomSheetDialogRootView.kt:25:13 'object ReactFeatureFlags : Any' is deprecated. Use com.facebook.react.internal.featureflags.ReactNativeFeatureFlags instead.
w: file:///C:/Projects/RewardsPlanners/node_modules/react-native-screens/android/src/main/java/com/swmansion/rnscreens/bottomsheet/BottomSheetDialogRootView.kt:32:9 The corresponding parameter in the supertype 'ReactViewGroup' is named 'left'. This may cause problems when calling this function with named arguments.
w: file:///C:/Projects/RewardsPlanners/node_modules/react-native-screens/android/src/main/java/com/swmansion/rnscreens/bottomsheet/BottomSheetDialogRootView.kt:33:9 The corresponding parameter in the supertype 'ReactViewGroup' is named 'top'. This may cause problems when calling this function with named arguments.
w: file:///C:/Projects/RewardsPlanners/node_modules/react-native-screens/android/src/main/java/com/swmansion/rnscreens/bottomsheet/BottomSheetDialogRootView.kt:34:9 The corresponding parameter in the supertype 'ReactViewGroup' is named 'right'. This may cause problems when calling this function with named arguments.
w: file:///C:/Projects/RewardsPlanners/node_modules/react-native-screens/android/src/main/java/com/swmansion/rnscreens/bottomsheet/BottomSheetDialogRootView.kt:35:9 The corresponding parameter in the supertype 'ReactViewGroup' is named 'bottom'. This may cause problems when calling this function with named arguments.
w: file:///C:/Projects/RewardsPlanners/node_modules/react-native-screens/android/src/main/java/com/swmansion/rnscreens/bottomsheet/BottomSheetDialogRootView.kt:71:9 The corresponding parameter in the supertype 'RootView' is named 'childView'. This may cause problems when calling this function with named arguments.
w: file:///C:/Projects/RewardsPlanners/node_modules/react-native-screens/android/src/main/java/com/swmansion/rnscreens/bottomsheet/BottomSheetDialogRootView.kt:72:9 The corresponding parameter in the supertype 'RootView' is named 'ev'. This may cause problems when calling this function with named arguments.
w: file:///C:/Projects/RewardsPlanners/node_modules/react-native-screens/android/src/main/java/com/swmansion/rnscreens/bottomsheet/BottomSheetDialogRootView.kt:79:46 The corresponding parameter in the supertype 'RootView' is named 'ev'. This may cause problems when calling this function with named arguments.
w: file:///C:/Projects/RewardsPlanners/node_modules/react-native-screens/android/src/main/java/com/swmansion/rnscreens/bottomsheet/BottomSheetDialogRootView.kt:83:9 The corresponding parameter in the supertype 'RootView' is named 'childView'. This may cause problems when calling this function with named arguments.
w: file:///C:/Projects/RewardsPlanners/node_modules/react-native-screens/android/src/main/java/com/swmansion/rnscreens/bottomsheet/BottomSheetDialogRootView.kt:84:9 The corresponding parameter in the supertype 'RootView' is named 'ev'. This may cause problems when calling this function with named arguments.
w: file:///C:/Projects/RewardsPlanners/node_modules/react-native-screens/android/src/main/java/com/swmansion/rnscreens/bottomsheet/BottomSheetDialogRootView.kt:95:34 The corresponding parameter in the supertype 'RootView' is named 't'. This may cause problems when calling this function with named arguments.
w: file:///C:/Projects/RewardsPlanners/node_modules/react-native-screens/android/src/main/java/com/swmansion/rnscreens/bottomsheet/DimmingView.kt:64:9 The corresponding parameter in the supertype 'ReactCompoundView' is named 'touchX'. This may cause problems when calling this function with named arguments.
w: file:///C:/Projects/RewardsPlanners/node_modules/react-native-screens/android/src/main/java/com/swmansion/rnscreens/bottomsheet/DimmingView.kt:65:9 The corresponding parameter in the supertype 'ReactCompoundView' is named 'touchY'. This may cause problems when calling this function with named arguments.
w: file:///C:/Projects/RewardsPlanners/node_modules/react-native-screens/android/src/main/java/com/swmansion/rnscreens/bottomsheet/DimmingView.kt:69:9 The corresponding parameter in the supertype 'ReactCompoundViewGroup' is named 'touchX'. This may cause problems when calling this function with named arguments.
w: file:///C:/Projects/RewardsPlanners/node_modules/react-native-screens/android/src/main/java/com/swmansion/rnscreens/bottomsheet/DimmingView.kt:70:9 The corresponding parameter in the supertype 'ReactCompoundViewGroup' is named 'touchY'. This may cause problems when calling this function with named arguments.
w: file:///C:/Projects/RewardsPlanners/node_modules/react-native-screens/android/src/main/java/com/swmansion/rnscreens/gamma/tabs/TabsHostViewManager.kt:37:9 The corresponding parameter in the supertype 'TabsHostViewManager' is named 'view'. This may cause problems when calling this function with named arguments.
w: file:///C:/Projects/RewardsPlanners/node_modules/react-native-screens/android/src/main/java/com/swmansion/rnscreens/safearea/SafeAreaView.kt:19:8 'class UIManagerModule : ReactContextBaseJavaModule, OnBatchCompleteListener, LifecycleEventListener, UIManager' is deprecated. Deprecated in Java.
w: file:///C:/Projects/RewardsPlanners/node_modules/react-native-screens/android/src/main/java/com/swmansion/rnscreens/safearea/SafeAreaView.kt:153:45 'fun consumeDisplayCutout(): @NonNull() WindowInsetsCompat' is deprecated. Deprecated in Java.
w: file:///C:/Projects/RewardsPlanners/node_modules/react-native-screens/android/src/main/java/com/swmansion/rnscreens/safearea/SafeAreaView.kt:194:58 'class UIManagerModule : ReactContextBaseJavaModule, OnBatchCompleteListener, LifecycleEventListener, UIManager' is deprecated. Deprecated in Java.
w: file:///C:/Projects/RewardsPlanners/node_modules/react-native-screens/android/src/main/java/com/swmansion/rnscreens/safearea/SafeAreaView.kt:201:31 'val uiImplementation: UIImplementation!' is deprecated. Deprecated in Java.
w: file:///C:/Projects/RewardsPlanners/node_modules/react-native-screens/android/src/main/java/com/swmansion/rnscreens/safearea/paper/SafeAreaViewShadowNode.kt:7:8 'class LayoutShadowNode : ReactShadowNodeImpl' is deprecated. Deprecated in Java.
w: file:///C:/Projects/RewardsPlanners/node_modules/react-native-screens/android/src/main/java/com/swmansion/rnscreens/safearea/paper/SafeAreaViewShadowNode.kt:8:8 'class NativeViewHierarchyOptimizer : Any' is deprecated. Deprecated in Java.
w: file:///C:/Projects/RewardsPlanners/node_modules/react-native-screens/android/src/main/java/com/swmansion/rnscreens/safearea/paper/SafeAreaViewShadowNode.kt:14:32 'class LayoutShadowNode : ReactShadowNodeImpl' is deprecated. Deprecated in Java.
w: file:///C:/Projects/RewardsPlanners/node_modules/react-native-screens/android/src/main/java/com/swmansion/rnscreens/safearea/paper/SafeAreaViewShadowNode.kt:83:63 'class NativeViewHierarchyOptimizer : Any' is deprecated. Deprecated in Java.

> Task :react-native-screens:compileDebugJavaWithJavac
> Task :react-native-health-connect:bundleLibRuntimeToJarDebug
> Task :react-native-screens:bundleLibCompileToJarDebug
> Task :react-native-html-to-pdf:bundleLibRuntimeToJarDebug
> Task :react-native-keychain:bundleLibRuntimeToJarDebug
> Task :react-native-permissions:bundleLibRuntimeToJarDebug
> Task :react-native-safe-area-context:bundleLibRuntimeToJarDebug
> Task :react-native-screens:bundleLibRuntimeToJarDebug
> Task :app:compileDebugKotlin
> Task :app:compileDebugJavaWithJavac
> Task :react-native-reanimated:bundleLibRuntimeToJarDebug
> Task :react-native-worklets:bundleLibRuntimeToJarDebug
> Task :d11_react-native-fast-image:bundleLibRuntimeToJarDebug
> Task :react-native-async-storage_async-storage:bundleLibRuntimeToJarDebug
> Task :react-native-community_geolocation:bundleLibRuntimeToJarDebug
> Task :react-native-community_netinfo:bundleLibRuntimeToJarDebug
> Task :react-native-masked-view_masked-view:bundleLibRuntimeToJarDebug
> Task :react-native-biometrics:bundleLibRuntimeToJarDebug
> Task :react-native-device-info:bundleLibRuntimeToJarDebug
> Task :react-native-image-picker:bundleLibRuntimeToJarDebug
> Task :react-native-linear-gradient:bundleLibRuntimeToJarDebug
> Task :react-native-razorpay:bundleLibRuntimeToJarDebug
> Task :react-native-maps:bundleLibRuntimeToJarDebug
> Task :react-native-share:bundleLibRuntimeToJarDebug
> Task :react-native-svg:bundleLibRuntimeToJarDebug
> Task :react-native-vector-icons:bundleLibRuntimeToJarDebug
> Task :react-native-send-intent:bundleLibRuntimeToJarDebug
> Task :app:desugarDebugFileDependencies
> Task :app:dexBuilderDebug
> Task :app:processDebugJavaRes
> Task :d11_react-native-fast-image:processDebugJavaRes
> Task :pushpendersingh_react-native-otp-verify:processDebugJavaRes
> Task :react-native-async-storage_async-storage:processDebugJavaRes NO-SOURCE
> Task :react-native-biometrics:processDebugJavaRes NO-SOURCE
> Task :react-native-community_geolocation:processDebugJavaRes NO-SOURCE
> Task :react-native-community_netinfo:processDebugJavaRes NO-SOURCE
> Task :react-native-device-info:processDebugJavaRes NO-SOURCE
> Task :react-native-gesture-handler:processDebugJavaRes
> Task :react-native-health-connect:processDebugJavaRes
> Task :react-native-html-to-pdf:processDebugJavaRes
> Task :react-native-image-picker:processDebugJavaRes NO-SOURCE
> Task :react-native-keychain:processDebugJavaRes
> Task :react-native-linear-gradient:processDebugJavaRes NO-SOURCE
> Task :react-native-maps:processDebugJavaRes NO-SOURCE
> Task :react-native-masked-view_masked-view:processDebugJavaRes NO-SOURCE
> Task :react-native-permissions:processDebugJavaRes
> Task :react-native-razorpay:processDebugJavaRes NO-SOURCE
> Task :react-native-reanimated:processDebugJavaRes NO-SOURCE
> Task :react-native-safe-area-context:processDebugJavaRes
> Task :react-native-screens:processDebugJavaRes
> Task :react-native-send-intent:processDebugJavaRes NO-SOURCE
> Task :react-native-share:processDebugJavaRes NO-SOURCE
> Task :react-native-svg:processDebugJavaRes NO-SOURCE
> Task :react-native-vector-icons:processDebugJavaRes NO-SOURCE
> Task :react-native-worklets:processDebugJavaRes NO-SOURCE
> Task :shayrn_react-native-android-phone-number-hint:processDebugJavaRes
> Task :app:mergeDebugGlobalSynthetics
> Task :app:checkDebugDuplicateClasses
> Task :app:mergeDebugJavaResource
> Task :app:mergeExtDexDebug
> Task :pushpendersingh_react-native-otp-verify:bundleLibRuntimeToDirDebug
> Task :shayrn_react-native-android-phone-number-hint:bundleLibRuntimeToDirDebug
> Task :react-native-health-connect:bundleLibRuntimeToDirDebug
> Task :react-native-gesture-handler:bundleLibRuntimeToDirDebug
> Task :react-native-html-to-pdf:bundleLibRuntimeToDirDebug
> Task :react-native-keychain:bundleLibRuntimeToDirDebug
> Task :react-native-permissions:bundleLibRuntimeToDirDebug
> Task :react-native-safe-area-context:bundleLibRuntimeToDirDebug
> Task :react-native-reanimated:bundleLibRuntimeToDirDebug
> Task :react-native-screens:bundleLibRuntimeToDirDebug
> Task :react-native-worklets:bundleLibRuntimeToDirDebug
> Task :d11_react-native-fast-image:bundleLibRuntimeToDirDebug
> Task :react-native-async-storage_async-storage:bundleLibRuntimeToDirDebug
> Task :react-native-community_geolocation:bundleLibRuntimeToDirDebug
> Task :react-native-community_netinfo:bundleLibRuntimeToDirDebug
> Task :react-native-masked-view_masked-view:bundleLibRuntimeToDirDebug
> Task :react-native-biometrics:bundleLibRuntimeToDirDebug
> Task :react-native-device-info:bundleLibRuntimeToDirDebug
> Task :react-native-image-picker:bundleLibRuntimeToDirDebug
> Task :react-native-linear-gradient:bundleLibRuntimeToDirDebug
> Task :react-native-razorpay:bundleLibRuntimeToDirDebug
> Task :react-native-maps:bundleLibRuntimeToDirDebug
> Task :react-native-share:bundleLibRuntimeToDirDebug
> Task :react-native-vector-icons:bundleLibRuntimeToDirDebug
> Task :react-native-send-intent:bundleLibRuntimeToDirDebug
> Task :react-native-svg:bundleLibRuntimeToDirDebug
> Task :app:mergeProjectDexDebug
> Task :react-native-worklets:configureCMakeDebug[arm64-v8a]
> Task :app:mergeLibDexDebug
> Task :react-native-worklets:buildCMakeDebug[arm64-v8a][worklets]
> Task :react-native-worklets:externalNativeBuildDebug
> Task :react-native-worklets:generateJsonModelDebug
> Task :react-native-worklets:prefabDebugConfigurePackage
> Task :react-native-reanimated:configureCMakeDebug[arm64-v8a]
> Task :react-native-reanimated:generateJsonModelDebug
> Task :react-native-reanimated:prefabDebugConfigurePackage UP-TO-DATE
> Task :app:configureCMakeDebug[arm64-v8a]
> Task :react-native-worklets:prefabDebugPackage
> Task :react-native-reanimated:buildCMakeDebug[arm64-v8a][reanimated]
> Task :react-native-worklets:mergeDebugJniLibFolders
> Task :app:mergeDebugJniLibFolders
> Task :d11_react-native-fast-image:mergeDebugJniLibFolders
> Task :d11_react-native-fast-image:mergeDebugNativeLibs NO-SOURCE
> Task :d11_react-native-fast-image:copyDebugJniLibsProjectOnly
> Task :pushpendersingh_react-native-otp-verify:mergeDebugJniLibFolders
> Task :pushpendersingh_react-native-otp-verify:mergeDebugNativeLibs NO-SOURCE
> Task :pushpendersingh_react-native-otp-verify:copyDebugJniLibsProjectOnly
> Task :react-native-async-storage_async-storage:mergeDebugJniLibFolders
> Task :react-native-async-storage_async-storage:mergeDebugNativeLibs NO-SOURCE
> Task :react-native-async-storage_async-storage:copyDebugJniLibsProjectOnly
> Task :react-native-worklets:mergeDebugNativeLibs
> Task :react-native-biometrics:mergeDebugJniLibFolders
> Task :react-native-biometrics:mergeDebugNativeLibs NO-SOURCE
> Task :react-native-biometrics:copyDebugJniLibsProjectOnly
> Task :react-native-community_geolocation:mergeDebugJniLibFolders
> Task :react-native-community_geolocation:mergeDebugNativeLibs NO-SOURCE
> Task :react-native-community_geolocation:copyDebugJniLibsProjectOnly
> Task :react-native-community_netinfo:mergeDebugJniLibFolders
> Task :react-native-community_netinfo:mergeDebugNativeLibs NO-SOURCE
> Task :react-native-community_netinfo:copyDebugJniLibsProjectOnly
> Task :react-native-device-info:mergeDebugJniLibFolders
> Task :react-native-device-info:mergeDebugNativeLibs NO-SOURCE
> Task :react-native-device-info:copyDebugJniLibsProjectOnly
> Task :react-native-worklets:copyDebugJniLibsProjectOnly
> Task :react-native-gesture-handler:configureCMakeDebug[arm64-v8a]
> Task :react-native-reanimated:externalNativeBuildDebug
> Task :react-native-reanimated:prefabDebugPackage
> Task :app:buildCMakeDebug[arm64-v8a]
> Task :react-native-gesture-handler:buildCMakeDebug[arm64-v8a]
> Task :react-native-gesture-handler:mergeDebugJniLibFolders
> Task :react-native-health-connect:mergeDebugJniLibFolders
> Task :react-native-health-connect:mergeDebugNativeLibs NO-SOURCE
> Task :react-native-health-connect:copyDebugJniLibsProjectOnly
> Task :react-native-html-to-pdf:mergeDebugJniLibFolders
> Task :react-native-html-to-pdf:mergeDebugNativeLibs NO-SOURCE
> Task :react-native-html-to-pdf:copyDebugJniLibsProjectOnly
> Task :react-native-image-picker:mergeDebugJniLibFolders
> Task :react-native-image-picker:mergeDebugNativeLibs NO-SOURCE
> Task :react-native-image-picker:copyDebugJniLibsProjectOnly
> Task :react-native-keychain:mergeDebugJniLibFolders
> Task :react-native-keychain:mergeDebugNativeLibs NO-SOURCE
> Task :react-native-keychain:copyDebugJniLibsProjectOnly
> Task :react-native-linear-gradient:mergeDebugJniLibFolders
> Task :react-native-linear-gradient:mergeDebugNativeLibs NO-SOURCE
> Task :react-native-linear-gradient:copyDebugJniLibsProjectOnly
> Task :react-native-maps:mergeDebugJniLibFolders
> Task :react-native-maps:mergeDebugNativeLibs NO-SOURCE
> Task :react-native-maps:copyDebugJniLibsProjectOnly
> Task :react-native-gesture-handler:mergeDebugNativeLibs
> Task :react-native-masked-view_masked-view:mergeDebugJniLibFolders
> Task :react-native-masked-view_masked-view:mergeDebugNativeLibs NO-SOURCE
> Task :react-native-masked-view_masked-view:copyDebugJniLibsProjectOnly
> Task :react-native-permissions:mergeDebugJniLibFolders
> Task :react-native-permissions:mergeDebugNativeLibs NO-SOURCE
> Task :react-native-permissions:copyDebugJniLibsProjectOnly
> Task :react-native-razorpay:mergeDebugJniLibFolders
> Task :react-native-razorpay:mergeDebugNativeLibs NO-SOURCE
> Task :react-native-razorpay:copyDebugJniLibsProjectOnly
> Task :react-native-reanimated:mergeDebugJniLibFolders
> Task :react-native-gesture-handler:copyDebugJniLibsProjectOnly
> Task :react-native-safe-area-context:mergeDebugJniLibFolders
> Task :react-native-safe-area-context:mergeDebugNativeLibs NO-SOURCE
> Task :react-native-safe-area-context:copyDebugJniLibsProjectOnly
> Task :react-native-screens:configureCMakeDebug[arm64-v8a]
> Task :react-native-reanimated:mergeDebugNativeLibs
> Task :react-native-screens:buildCMakeDebug[arm64-v8a]
> Task :react-native-screens:mergeDebugJniLibFolders
> Task :react-native-screens:mergeDebugNativeLibs
> Task :react-native-screens:copyDebugJniLibsProjectOnly
> Task :react-native-reanimated:copyDebugJniLibsProjectOnly
> Task :react-native-send-intent:mergeDebugJniLibFolders
> Task :react-native-send-intent:mergeDebugNativeLibs NO-SOURCE
> Task :react-native-send-intent:copyDebugJniLibsProjectOnly
> Task :react-native-share:mergeDebugJniLibFolders
> Task :react-native-share:mergeDebugNativeLibs NO-SOURCE
> Task :react-native-share:copyDebugJniLibsProjectOnly
> Task :react-native-svg:mergeDebugJniLibFolders
> Task :react-native-svg:mergeDebugNativeLibs NO-SOURCE
> Task :react-native-svg:copyDebugJniLibsProjectOnly
> Task :react-native-vector-icons:mergeDebugJniLibFolders
> Task :react-native-vector-icons:mergeDebugNativeLibs NO-SOURCE
> Task :react-native-vector-icons:copyDebugJniLibsProjectOnly
> Task :shayrn_react-native-android-phone-number-hint:mergeDebugJniLibFolders
> Task :shayrn_react-native-android-phone-number-hint:mergeDebugNativeLibs NO-SOURCE
> Task :shayrn_react-native-android-phone-number-hint:copyDebugJniLibsProjectOnly
> Task :app:validateSigningDebug
> Task :app:writeDebugAppMetadata
> Task :app:writeDebugSigningConfigVersions
> Task :app:mergeDebugNativeLibs
> Task :app:stripDebugDebugSymbols
> Task :app:packageDebug
> Task :app:createDebugApkListingFileRedirect

> Task :app:installDebug
Installing APK 'app-debug.apk' on 'V2030 - 12' for :app:debug
Installed on 1 device.

[Incubating] Problems report is available at: file:///C:/Projects/RewardsPlanners/android/build/reports/problems/problems-report.html

Deprecated Gradle features were used in this build, making it incompatible with Gradle 10.

You can use '--warning-mode all' to show the individual deprecation warnings and determine if they come from your own scripts or plugins.

For more on this, please refer to https://docs.gradle.org/9.0.0/userguide/command_line_interface.html#sec:command_line_warnings in the Gradle documentation.

BUILD SUCCESSFUL in 23m 34s
629 actionable tasks: 623 executed, 6 up-to-date
